2025-05-28 16:47:41.914149 - DEBUG : <-<- Client connection at 127.0.0.1: 51000
2025-05-28 16:47:41.934133 - DEBUG : ->>> b'17/84/6\ninitSpeechServiceCmwzTb35WSvnOYEPoY9wC12ExtiNJkI37VJlc9itceLmM6osBYstJQQJ99BAACYeBjFXJ3w3AAAYACOG1fhOeastus'
2025-05-28 16:47:42.126856 - DEBUG : <-<- true
2025-05-28 16:47:42.127853 - DEBUG : ->>> b'13/25/3/3/5/5\ninitMetahuman../humanModel/humanModel20.50.5falsefalse'
2025-05-28 16:48:17.638066 - DEBUG : <-<- true
2025-05-28 16:48:17.639063 - DEBUG : ->>> b'17/28/2/2/2/2\nreplaceBackground../NewHuman/background/2.jpg-1-1-150'
2025-05-28 16:48:19.172575 - DEBUG : <-<- true
2025-05-28 16:57:02.233863 - DEBUG : <-<- Client connection at 127.0.0.1: 52090
2025-05-28 16:57:02.233863 - DEBUG : ->>> b'17/84/6\ninitSpeechServiceCmwzTb35WSvnOYEPoY9wC12ExtiNJkI37VJlc9itceLmM6osBYstJQQJ99BAACYeBjFXJ3w3AAAYACOG1fhOeastus'
2025-05-28 16:57:02.251619 - DEBUG : <-<- true
2025-05-28 16:57:02.251619 - DEBUG : ->>> b'13/25/3/3/5/5\ninitMetahuman../humanModel/humanModel20.50.5falsefalse'
2025-05-28 16:57:26.568150 - DEBUG : <-<- true
2025-05-28 16:57:26.568150 - DEBUG : ->>> b'17/28/2/2/2/2\nreplaceBackground../NewHuman/background/2.jpg-1-1-150'
2025-05-28 16:57:26.635236 - DEBUG : <-<- true
2025-05-28 16:57:37.813782 - DEBUG : ->>> b'16/5\nmicrophoneToTextzh-cn'
2025-05-28 16:57:42.232668 - DEBUG : <-<- 你看出来了。
2025-05-28 16:57:49.736966 - DEBUG : <-<- Client connection at 127.0.0.1: 52222
2025-05-28 16:57:49.736966 - DEBUG : ->>> b'17/84/6\ninitSpeechServiceCmwzTb35WSvnOYEPoY9wC12ExtiNJkI37VJlc9itceLmM6osBYstJQQJ99BAACYeBjFXJ3w3AAAYACOG1fhOeastus'
2025-05-28 16:57:49.745942 - DEBUG : <-<- true
2025-05-28 16:57:49.745942 - DEBUG : ->>> b'13/25/3/3/5/5\ninitMetahuman../humanModel/humanModel20.50.5falsefalse'
2025-05-28 16:58:14.480809 - DEBUG : <-<- true
2025-05-28 16:58:14.481664 - DEBUG : ->>> b'17/28/2/2/2/2\nreplaceBackground../NewHuman/background/2.jpg-1-1-150'
2025-05-28 16:58:14.546491 - DEBUG : <-<- true
2025-05-28 16:58:15.047193 - DEBUG : ->>> b'16/5\nmicrophoneToTextzh-cn'
2025-05-28 16:58:21.145674 - DEBUG : <-<- null
2025-05-28 16:58:25.002949 - DEBUG : ->>> b'16/5\nmicrophoneToTextzh-cn'
2025-05-28 16:58:31.132770 - DEBUG : <-<- null
2025-05-28 16:58:31.345560 - DEBUG : ->>> b'16/5\nmicrophoneToTextzh-cn'
2025-05-28 16:58:37.437152 - DEBUG : <-<- null
2025-05-28 16:58:37.594919 - DEBUG : ->>> b'16/5\nmicrophoneToTextzh-cn'
2025-05-28 16:58:43.610869 - DEBUG : <-<- null
2025-05-28 16:58:43.802077 - DEBUG : ->>> b'16/5\nmicrophoneToTextzh-cn'
2025-05-28 16:58:47.107659 - DEBUG : <-<- 那我必须错了。
2025-05-28 16:58:48.827248 - DEBUG : ->>> b'14/1/6/2/3/3/1/5/5\nshowSpeechText0\xe6\xa5\xb7\xe4\xbd\x93201282550falsefalse'
2025-05-28 16:58:48.828245 - DEBUG : <-<- true
2025-05-28 16:58:48.828245 - DEBUG : ->>> b'15/14/270/5/20/1/4/1/7\nmetahumanSpeech../voice/2.mp3\xe7\x9c\x8b\xe8\xb5\xb7\xe6\x9d\xa5\xe6\x82\xa8\xe5\x8f\xaf\xe8\x83\xbd\xe6\x98\xaf\xe5\x9c\xa8\xe6\x9f\x90\xe7\xa7\x8d\xe5\xaf\xb9\xe8\xaf\x9d\xe6\x88\x96\xe8\xae\xa8\xe8\xae\xba\xe4\xb8\xad\xe5\xbe\x97\xe5\x87\xba\xe4\xba\x86\xe8\xbf\x99\xe6\xa0\xb7\xe7\x9a\x84\xe7\xbb\x93\xe8\xae\xba\xef\xbc\x8c\xe4\xbd\x86\xe5\xa6\x82\xe6\x9e\x9c\xe8\x83\xbd\xe6\x8f\x90\xe4\xbe\x9b\xe6\x9b\xb4\xe5\xa4\x9a\xe7\x9a\x84\xe4\xb8\x8a\xe4\xb8\x8b\xe6\x96\x87\xe6\x88\x96\xe8\x80\x85\xe5\x85\xb7\xe4\xbd\x93\xe7\x9a\x84\xe9\x97\xae\xe9\xa2\x98\xe5\x86\x85\xe5\xae\xb9\xef\xbc\x8c\xe6\x88\x91\xe4\xbc\x9a\xe6\x9b\xb4\xe8\x83\xbd\xe5\xb8\xae\xe5\x8a\xa9\xe6\x82\xa8\xe5\x88\x86\xe6\x9e\x90\xe5\x92\x8c\xe8\xa7\xa3\xe5\x86\xb3\xe3\x80\x82\xe5\xa6\x82\xe6\x9e\x9c\xe6\x82\xa8\xe9\x9c\x80\xe8\xa6\x81\xe9\x92\x88\xe5\xaf\xb9\xe6\x9f\x90\xe4\xb8\xaa\xe7\x89\xb9\xe5\xae\x9a\xe9\x97\xae\xe9\xa2\x98\xe7\x9a\x84\xe6\xbe\x84\xe6\xb8\x85\xe6\x88\x96\xe5\xb8\xae\xe5\x8a\xa9\xef\xbc\x8c\xe8\xaf\xb7\xe5\x91\x8a\xe8\xaf\x89\xe6\x88\x91\xe6\x9b\xb4\xe5\xa4\x9a\xe7\xbb\x86\xe8\x8a\x82\xe5\x90\xa7\xef\xbc\x81zh-cnzh-cn-XiaochenNeural0true0General'
2025-05-28 16:59:07.739124 - DEBUG : <-<- 16200
2025-05-28 16:59:07.740123 - DEBUG : ->>> b'16/5\nmicrophoneToTextzh-cn'
2025-05-28 16:59:13.859160 - DEBUG : <-<- null
2025-05-28 16:59:14.080388 - DEBUG : ->>> b'16/5\nmicrophoneToTextzh-cn'
2025-05-28 16:59:20.075566 - DEBUG : <-<- null
2025-05-28 16:59:20.266557 - DEBUG : ->>> b'16/5\nmicrophoneToTextzh-cn'
2025-05-28 16:59:23.855836 - DEBUG : <-<- 妈个逼呀，我***的。
2025-05-28 16:59:26.355255 - DEBUG : ->>> b'14/1/6/2/3/3/1/5/5\nshowSpeechText0\xe6\xa5\xb7\xe4\xbd\x93201282550falsefalse'
2025-05-28 16:59:26.356252 - DEBUG : <-<- true
2025-05-28 16:59:26.356252 - DEBUG : ->>> b'15/14/300/5/20/1/4/1/7\nmetahumanSpeech../voice/2.mp3\xe6\x88\x91\xe7\x90\x86\xe8\xa7\xa3\xe6\x82\xa8\xe5\x8f\xaf\xe8\x83\xbd\xe9\x81\x87\xe5\x88\xb0\xe4\xba\x86\xe4\xb8\x8d\xe9\xa1\xba\xe5\xbf\x83\xe7\x9a\x84\xe4\xba\x8b\xe6\x83\x85\xef\xbc\x8c\xe4\xbd\x86\xe6\x98\xaf\xe8\xaf\xb7\xe5\xb0\xbd\xe9\x87\x8f\xe4\xbd\xbf\xe7\x94\xa8\xe6\x96\x87\xe6\x98\x8e\xe7\x9a\x84\xe8\xaf\xad\xe8\xa8\x80\xe8\xa1\xa8\xe8\xbe\xbe\xe6\x82\xa8\xe7\x9a\x84\xe6\x83\x85\xe7\xbb\xaa\xe3\x80\x82\xe8\xbf\x99\xe6\xa0\xb7\xe4\xb8\x8d\xe4\xbb\x85\xe8\x83\xbd\xe8\xae\xa9\xe4\xbb\x96\xe4\xba\xba\xe6\x9b\xb4\xe5\x8a\xa0\xe7\x90\x86\xe8\xa7\xa3\xe5\x92\x8c\xe5\xb0\x8a\xe9\x87\x8d\xe6\x82\xa8\xe7\x9a\x84\xe6\x84\x9f\xe5\x8f\x97\xef\xbc\x8c\xe4\xb9\x9f\xe8\x83\xbd\xe6\x9b\xb4\xe5\xa5\xbd\xe5\x9c\xb0\xe7\xbb\xb4\xe6\x8a\xa4\xe8\x89\xaf\xe5\xa5\xbd\xe7\x9a\x84\xe6\xb2\x9f\xe9\x80\x9a\xe7\x8e\xaf\xe5\xa2\x83\xe3\x80\x82\xe5\xa6\x82\xe6\x9e\x9c\xe6\x82\xa8\xe6\x84\xbf\xe6\x84\x8f\xe5\x88\x86\xe4\xba\xab\xe5\x85\xb7\xe4\xbd\x93\xe7\x9a\x84\xe9\x97\xae\xe9\xa2\x98\xef\xbc\x8c\xe6\x88\x91\xe5\xbe\x88\xe4\xb9\x90\xe6\x84\x8f\xe5\xb8\xae\xe5\x8a\xa9\xe6\x82\xa8\xe4\xb8\x80\xe8\xb5\xb7\xe5\xaf\xbb\xe6\x89\xbe\xe8\xa7\xa3\xe5\x86\xb3\xe7\x9a\x84\xe6\x96\xb9\xe6\xb3\x95\xe3\x80\x82zh-cnzh-cn-XiaochenNeural0true0General'
2025-05-28 16:59:35.972241 - DEBUG : <-<- Client connection at 127.0.0.1: 52631
2025-05-28 16:59:35.974227 - DEBUG : ->>> b'17/84/6\ninitSpeechServiceCmwzTb35WSvnOYEPoY9wC12ExtiNJkI37VJlc9itceLmM6osBYstJQQJ99BAACYeBjFXJ3w3AAAYACOG1fhOeastus'
2025-05-28 16:59:35.984242 - DEBUG : <-<- true
2025-05-28 16:59:35.985239 - DEBUG : ->>> b'13/25/3/3/5/5\ninitMetahuman../humanModel/humanModel20.50.5falsefalse'
2025-05-28 17:00:03.454153 - DEBUG : <-<- true
2025-05-28 17:00:03.455150 - DEBUG : ->>> b'17/28/2/2/2/2\nreplaceBackground../NewHuman/background/2.jpg-1-1-150'
2025-05-28 17:00:03.523011 - DEBUG : <-<- true
2025-05-28 17:00:04.030689 - DEBUG : ->>> b'16/5\nmicrophoneToTextzh-cn'
2025-05-28 17:00:10.216371 - DEBUG : <-<- null
2025-05-28 17:00:10.662948 - DEBUG : ->>> b'16/5\nmicrophoneToTextzh-cn'
2025-05-28 17:00:16.584490 - DEBUG : <-<- null
2025-05-28 17:00:16.759625 - DEBUG : ->>> b'16/5\nmicrophoneToTextzh-cn'
2025-05-28 17:00:22.890395 - DEBUG : <-<- null
2025-05-28 17:00:23.075596 - DEBUG : ->>> b'16/5\nmicrophoneToTextzh-cn'
2025-05-28 17:00:28.488645 - DEBUG : <-<- 不是。
2025-05-28 17:00:30.424543 - DEBUG : ->>> b'14/1/6/2/3/3/1/5/5\nshowSpeechText0\xe6\xa5\xb7\xe4\xbd\x93201282550falsefalse'
2025-05-28 17:00:30.425585 - DEBUG : <-<- true
2025-05-28 17:00:30.426574 - DEBUG : ->>> b'15/14/225/5/20/1/4/1/7\nmetahumanSpeech../voice/2.mp3\xe6\x82\xa8\xe4\xbc\xbc\xe4\xb9\x8e\xe5\x9c\xa8\xe5\x90\xa6\xe5\xae\x9a\xe6\x9f\x90\xe4\xb8\xaa\xe9\x99\x88\xe8\xbf\xb0\xe6\x88\x96\xe8\xa7\x82\xe7\x82\xb9\xef\xbc\x8c\xe4\xbd\x86\xe6\xb2\xa1\xe6\x9c\x89\xe6\x8f\x90\xe4\xbe\x9b\xe8\xb6\xb3\xe5\xa4\x9f\xe7\x9a\x84\xe4\xb8\x8a\xe4\xb8\x8b\xe6\x96\x87\xe8\xae\xa9\xe6\x88\x91\xe7\x90\x86\xe8\xa7\xa3\xe6\x82\xa8\xe5\x85\xb7\xe4\xbd\x93\xe6\x8c\x87\xe7\x9a\x84\xe6\x98\xaf\xe4\xbb\x80\xe4\xb9\x88\xe3\x80\x82\xe5\xa6\x82\xe6\x9e\x9c\xe6\x82\xa8\xe8\x83\xbd\xe6\x8f\x90\xe4\xbe\x9b\xe6\x9b\xb4\xe5\xa4\x9a\xe8\xaf\xa6\xe7\xbb\x86\xe4\xbf\xa1\xe6\x81\xaf\xe6\x88\x96\xe6\x8f\x90\xe5\x87\xba\xe4\xb8\x80\xe4\xb8\xaa\xe5\xae\x8c\xe6\x95\xb4\xe7\x9a\x84\xe9\x97\xae\xe9\xa2\x98\xef\xbc\x8c\xe6\x88\x91\xe4\xbc\x9a\xe5\xbe\x88\xe4\xb9\x90\xe6\x84\x8f\xe5\xb8\xae\xe5\x8a\xa9\xe6\x82\xa8\xe8\xa7\xa3\xe7\xad\x94\xe6\x88\x96\xe8\xae\xa8\xe8\xae\xba\xe3\x80\x82zh-cnzh-cn-XiaochenNeural0true0General'
2025-05-28 17:00:46.431224 - DEBUG : <-<- 13537
2025-05-28 17:00:46.432237 - DEBUG : ->>> b'16/5\nmicrophoneToTextzh-cn'
2025-05-28 17:00:52.534066 - DEBUG : <-<- null
2025-05-28 17:00:52.757414 - DEBUG : ->>> b'16/5\nmicrophoneToTextzh-cn'
2025-05-28 17:00:58.903262 - DEBUG : <-<- null
2025-05-28 17:00:59.092581 - DEBUG : ->>> b'16/5\nmicrophoneToTextzh-cn'
2025-05-28 17:01:05.027370 - DEBUG : <-<- null
2025-05-28 17:01:05.206523 - DEBUG : ->>> b'16/5\nmicrophoneToTextzh-cn'
2025-05-28 17:01:11.311052 - DEBUG : <-<- null
2025-05-28 17:01:11.485504 - DEBUG : ->>> b'16/5\nmicrophoneToTextzh-cn'
2025-05-28 17:01:17.597348 - DEBUG : <-<- null
2025-05-28 17:01:17.760741 - DEBUG : ->>> b'16/5\nmicrophoneToTextzh-cn'
2025-05-28 17:01:23.705696 - DEBUG : <-<- null
2025-05-28 17:01:23.905337 - DEBUG : ->>> b'16/5\nmicrophoneToTextzh-cn'
2025-05-28 17:01:29.799893 - DEBUG : <-<- null
2025-05-28 17:01:29.975025 - DEBUG : ->>> b'16/5\nmicrophoneToTextzh-cn'
2025-05-28 17:01:36.089550 - DEBUG : <-<- null
2025-05-28 17:01:36.273018 - DEBUG : ->>> b'16/5\nmicrophoneToTextzh-cn'
2025-05-28 17:01:42.395329 - DEBUG : <-<- null
2025-05-28 17:01:42.574993 - DEBUG : ->>> b'16/5\nmicrophoneToTextzh-cn'
2025-05-28 17:01:48.797330 - DEBUG : <-<- null
2025-05-28 17:01:48.954635 - DEBUG : ->>> b'16/5\nmicrophoneToTextzh-cn'
2025-05-28 17:01:57.072525 - DEBUG : <-<- 这有什么问题他也没有等我呀，就是。
2025-05-28 17:01:59.034209 - DEBUG : ->>> b'14/1/6/2/3/3/1/5/5\nshowSpeechText0\xe6\xa5\xb7\xe4\xbd\x93201282550falsefalse'
2025-05-28 17:01:59.035226 - DEBUG : <-<- true
2025-05-28 17:01:59.036243 - DEBUG : ->>> b'15/14/396/5/20/1/4/1/7\nmetahumanSpeech../voice/2.mp3\xe8\xbf\x99\xe5\x8f\xa5\xe8\xaf\x9d\xe4\xbc\xbc\xe4\xb9\x8e\xe8\xa1\xa8\xe8\xbe\xbe\xe4\xba\x86\xe6\x9f\x90\xe7\xa7\x8d\xe4\xb8\x8d\xe6\xbb\xa1\xe6\x88\x96\xe5\x9b\xb0\xe6\x83\x91\xe7\x9a\x84\xe6\x83\x85\xe7\xbb\xaa\xef\xbc\x8c\xe6\x84\x9f\xe8\xa7\x89\xe5\xaf\xb9\xe6\x96\xb9\xe6\xb2\xa1\xe6\x9c\x89\xe7\xad\x89\xe5\xbe\x85\xe8\x87\xaa\xe5\xb7\xb1\xe3\x80\x82\xe4\xb8\x8d\xe8\xbf\x87\xef\xbc\x8c\xe7\x94\xb1\xe4\xba\x8e\xe4\xbf\xa1\xe6\x81\xaf\xe4\xb8\x8d\xe5\xa4\x9f\xe5\x85\xb7\xe4\xbd\x93\xef\xbc\x8c\xe5\xbe\x88\xe9\x9a\xbe\xe5\xae\x8c\xe5\x85\xa8\xe7\x90\x86\xe8\xa7\xa3\xe4\xb8\x8a\xe4\xb8\x8b\xe6\x96\x87\xe3\x80\x82\xe5\xa6\x82\xe6\x9e\x9c\xe9\x9c\x80\xe8\xa6\x81\xe5\xb8\xae\xe5\x8a\xa9\xe8\xa7\xa3\xe5\x86\xb3\xe8\xbf\x99\xe4\xb8\xaa\xe9\x97\xae\xe9\xa2\x98\xe6\x88\x96\xe8\x80\x85\xe8\xa1\xa8\xe8\xbe\xbe\xe8\xbf\x99\xe7\xa7\x8d\xe6\x83\x85\xe7\xbb\xaa\xef\xbc\x8c\xe5\x8f\xaf\xe4\xbb\xa5\xe6\x8f\x90\xe4\xbe\x9b\xe6\x9b\xb4\xe5\xa4\x9a\xe7\x9a\x84\xe8\x83\x8c\xe6\x99\xaf\xe4\xbf\xa1\xe6\x81\xaf\xef\xbc\x8c\xe6\xaf\x94\xe5\xa6\x82\xe5\x8f\x91\xe7\x94\x9f\xe7\x9a\x84\xe5\x85\xb7\xe4\xbd\x93\xe6\x83\x85\xe5\x86\xb5\xe3\x80\x81\xe6\xb6\x89\xe5\x8f\x8a\xe7\x9a\x84\xe4\xba\xba\xe7\x89\xa9\xe5\x85\xb3\xe7\xb3\xbb\xe7\xad\x89\xef\xbc\x8c\xe8\xbf\x99\xe6\xa0\xb7\xe5\x8f\xaf\xe8\x83\xbd\xe4\xbc\x9a\xe5\xbe\x97\xe5\x88\xb0\xe6\x9b\xb4\xe5\x85\xb7\xe4\xbd\x93\xe7\x9a\x84\xe5\xbb\xba\xe8\xae\xae\xe6\x88\x96\xe5\xb8\xae\xe5\x8a\xa9\xe3\x80\x82\xe4\xbd\xa0\xe6\x84\xbf\xe6\x84\x8f\xe5\x88\x86\xe4\xba\xab\xe6\x9b\xb4\xe5\xa4\x9a\xe7\xbb\x86\xe8\x8a\x82\xe5\x90\x97\xef\xbc\x9fzh-cnzh-cn-XiaochenNeural0true0General'
2025-05-28 17:02:15.706742 - DEBUG : <-<- Client connection at 127.0.0.1: 52847
2025-05-28 17:02:19.847001 - DEBUG : ->>> b'17/84/6\ninitSpeechServiceCmwzTb35WSvnOYEPoY9wC12ExtiNJkI37VJlc9itceLmM6osBYstJQQJ99BAACYeBjFXJ3w3AAAYACOG1fhOeastus'
2025-05-28 17:02:19.858987 - DEBUG : <-<- true
2025-05-28 17:02:19.859986 - DEBUG : ->>> b'13/25/3/3/5/5\ninitMetahuman../humanModel/humanModel20.50.5falsefalse'
2025-05-28 17:02:49.630350 - DEBUG : <-<- true
2025-05-28 17:02:49.631347 - DEBUG : ->>> b'17/28/2/2/2/2\nreplaceBackground../NewHuman/background/2.jpg-1-1-150'
2025-05-28 17:02:49.706189 - DEBUG : <-<- true
2025-05-28 17:02:55.235377 - DEBUG : ->>> b'16/5\nmicrophoneToTextzh-cn'
2025-05-28 17:03:01.306203 - DEBUG : <-<- null
2025-05-28 17:03:02.497179 - DEBUG : ->>> b'16/5\nmicrophoneToTextzh-cn'
2025-05-28 17:03:08.595230 - DEBUG : <-<- null
2025-05-28 17:03:08.775854 - DEBUG : ->>> b'16/5\nmicrophoneToTextzh-cn'
2025-05-28 17:03:14.866434 - DEBUG : <-<- null
2025-05-28 17:03:15.038627 - DEBUG : ->>> b'16/5\nmicrophoneToTextzh-cn'
2025-05-28 17:03:21.037097 - DEBUG : <-<- null
2025-05-28 17:03:21.200213 - DEBUG : ->>> b'16/5\nmicrophoneToTextzh-cn'
2025-05-28 17:03:27.112467 - DEBUG : <-<- null
2025-05-28 17:03:27.303360 - DEBUG : ->>> b'16/5\nmicrophoneToTextzh-cn'
2025-05-28 17:03:33.522796 - DEBUG : <-<- null
2025-05-28 17:03:33.713174 - DEBUG : ->>> b'16/5\nmicrophoneToTextzh-cn'
2025-05-28 17:03:39.898787 - DEBUG : <-<- null
2025-05-28 17:03:40.038964 - DEBUG : ->>> b'16/5\nmicrophoneToTextzh-cn'
2025-05-28 17:03:45.982430 - DEBUG : <-<- null
2025-05-28 17:03:46.152470 - DEBUG : ->>> b'16/5\nmicrophoneToTextzh-cn'
2025-05-28 17:03:51.976602 - DEBUG : <-<- null
2025-05-28 17:03:52.146661 - DEBUG : ->>> b'16/5\nmicrophoneToTextzh-cn'
2025-05-28 17:03:58.068761 - DEBUG : <-<- null
2025-05-28 17:03:58.240564 - DEBUG : ->>> b'16/5\nmicrophoneToTextzh-cn'
2025-05-28 17:04:04.158941 - DEBUG : <-<- null
2025-05-28 17:04:04.368264 - DEBUG : ->>> b'16/5\nmicrophoneToTextzh-cn'
2025-05-28 17:04:10.286885 - DEBUG : <-<- null
2025-05-28 17:04:10.441883 - DEBUG : ->>> b'16/5\nmicrophoneToTextzh-cn'
2025-05-28 17:04:17.870644 - DEBUG : <-<- null
2025-05-28 17:04:18.043569 - DEBUG : ->>> b'16/5\nmicrophoneToTextzh-cn'
2025-05-28 17:04:24.489475 - DEBUG : <-<- null
2025-05-28 17:04:24.683958 - DEBUG : ->>> b'16/5\nmicrophoneToTextzh-cn'
2025-05-28 17:05:11.649789 - DEBUG : <-<- Client connection at 127.0.0.1: 53044
2025-05-28 17:05:11.917037 - DEBUG : ->>> b'17/84/6\ninitSpeechServiceCmwzTb35WSvnOYEPoY9wC12ExtiNJkI37VJlc9itceLmM6osBYstJQQJ99BAACYeBjFXJ3w3AAAYACOG1fhOeastus'
2025-05-28 17:05:11.926013 - DEBUG : <-<- true
2025-05-28 17:05:11.926013 - DEBUG : ->>> b'13/25/3/3/5/5\ninitMetahuman../humanModel/humanModel20.50.5falsefalse'
2025-05-28 17:05:36.978371 - DEBUG : <-<- true
2025-05-28 17:05:36.979043 - DEBUG : ->>> b'17/28/2/2/2/2\nreplaceBackground../NewHuman/background/2.jpg-1-1-150'
2025-05-28 17:05:37.049852 - DEBUG : <-<- true
2025-05-28 17:05:37.557536 - DEBUG : ->>> b'16/5\nmicrophoneToTextzh-cn'
2025-05-28 17:05:40.929014 - DEBUG : <-<- 你好。
2025-05-28 17:05:41.842155 - DEBUG : ->>> b'14/1/6/2/3/3/1/5/5\nshowSpeechText0\xe6\xa5\xb7\xe4\xbd\x93201282550falsefalse'
2025-05-28 17:05:41.843151 - DEBUG : <-<- true
2025-05-28 17:05:41.844106 - DEBUG : ->>> b'15/14/42/5/20/1/4/1/7\nmetahumanSpeech../voice/2.mp3\xe4\xbd\xa0\xe5\xa5\xbd\xef\xbc\x81\xe6\x9c\x89\xe4\xbb\x80\xe4\xb9\x88\xe5\x8f\xaf\xe4\xbb\xa5\xe5\xb8\xae\xe5\x8a\xa9\xe4\xbd\xa0\xe7\x9a\x84\xe5\x90\x97\xef\xbc\x9fzh-cnzh-cn-XiaochenNeural0true0General'
2025-05-28 17:05:47.121073 - DEBUG : <-<- 3412
2025-05-28 17:05:47.122027 - DEBUG : ->>> b'16/5\nmicrophoneToTextzh-cn'
2025-05-28 17:05:53.038984 - DEBUG : <-<- null
2025-05-28 17:05:53.216607 - DEBUG : ->>> b'16/5\nmicrophoneToTextzh-cn'
2025-05-28 17:05:59.154037 - DEBUG : <-<- null
2025-05-28 17:05:59.351207 - DEBUG : ->>> b'16/5\nmicrophoneToTextzh-cn'
2025-05-28 17:06:05.466034 - DEBUG : <-<- null
2025-05-28 17:46:41.350134 - DEBUG : <-<- Client connection at 127.0.0.1: 58396
2025-05-28 17:46:41.369070 - DEBUG : ->>> b'17/84/6\ninitSpeechServiceCmwzTb35WSvnOYEPoY9wC12ExtiNJkI37VJlc9itceLmM6osBYstJQQJ99BAACYeBjFXJ3w3AAAYACOG1fhOeastus'
2025-05-28 17:46:42.102230 - DEBUG : <-<- true
2025-05-28 17:46:42.103228 - DEBUG : ->>> b'13/25/3/3/5/5\ninitMetahuman../humanModel/humanModel20.50.5falsefalse'
2025-05-28 17:47:24.460714 - DEBUG : <-<- Client connection at 127.0.0.1: 58436
2025-05-28 17:47:24.460714 - DEBUG : ->>> b'17/84/6\ninitSpeechServiceCmwzTb35WSvnOYEPoY9wC12ExtiNJkI37VJlc9itceLmM6osBYstJQQJ99BAACYeBjFXJ3w3AAAYACOG1fhOeastus'
2025-05-28 17:47:24.469690 - DEBUG : <-<- true
2025-05-28 17:47:24.469690 - DEBUG : ->>> b'13/25/3/3/5/5\ninitMetahuman../humanModel/humanModel20.50.5falsefalse'
2025-05-28 17:49:37.015187 - DEBUG : <-<- Client connection at 127.0.0.1: 58818
2025-05-28 17:49:37.015187 - DEBUG : ->>> b'17/84/6\ninitSpeechServiceCmwzTb35WSvnOYEPoY9wC12ExtiNJkI37VJlc9itceLmM6osBYstJQQJ99BAACYeBjFXJ3w3AAAYACOG1fhOeastus'
2025-05-28 17:49:37.024200 - DEBUG : <-<- true
2025-05-28 17:49:37.024200 - DEBUG : ->>> b'13/25/3/3/5/5\ninitMetahuman../humanModel/humanModel20.50.5falsefalse'
2025-05-28 17:50:06.914506 - DEBUG : <-<- true
2025-05-28 17:50:06.914506 - DEBUG : ->>> b'17/28/2/2/2/2\nreplaceBackground../NewHuman/background/2.jpg-1-1-150'
2025-05-28 17:50:07.086473 - DEBUG : <-<- true
2025-05-28 17:50:07.617977 - DEBUG : ->>> b'16/5\nmicrophoneToTextzh-cn'
2025-05-28 17:50:15.425589 - DEBUG : <-<- null
2025-05-28 17:50:15.947974 - DEBUG : ->>> b'16/5\nmicrophoneToTextzh-cn'
2025-05-28 17:50:21.856434 - DEBUG : <-<- null
2025-05-28 17:50:22.042386 - DEBUG : ->>> b'16/5\nmicrophoneToTextzh-cn'
2025-05-28 17:50:26.751081 - DEBUG : <-<- 你好。
2025-05-28 17:50:27.245243 - DEBUG : ->>> b'14/1/6/2/3/3/1/5/5\nshowSpeechText0\xe6\xa5\xb7\xe4\xbd\x93201282550falsefalse'
2025-05-28 17:50:27.246278 - DEBUG : <-<- true
2025-05-28 17:50:27.247238 - DEBUG : ->>> b'15/14/42/5/20/1/4/1/7\nmetahumanSpeech../voice/2.mp3\xe4\xbd\xa0\xe5\xa5\xbd\xef\xbc\x81\xe6\x9c\x89\xe4\xbb\x80\xe4\xb9\x88\xe5\x8f\xaf\xe4\xbb\xa5\xe5\xb8\xae\xe5\x8a\xa9\xe4\xbd\xa0\xe7\x9a\x84\xe5\x90\x97\xef\xbc\x9fzh-cnzh-cn-XiaochenNeural0true0General'
2025-05-28 17:50:33.065431 - DEBUG : <-<- 3412
2025-05-28 17:50:33.066442 - DEBUG : ->>> b'16/5\nmicrophoneToTextzh-cn'
2025-05-28 17:50:38.973758 - DEBUG : <-<- null
2025-05-28 17:50:39.159403 - DEBUG : ->>> b'16/5\nmicrophoneToTextzh-cn'
2025-05-28 17:50:45.081697 - DEBUG : <-<- null
2025-05-28 17:50:45.285661 - DEBUG : ->>> b'16/5\nmicrophoneToTextzh-cn'
2025-05-28 17:50:51.179827 - DEBUG : <-<- null
2025-05-28 17:50:51.339104 - DEBUG : ->>> b'16/5\nmicrophoneToTextzh-cn'
2025-05-28 17:50:58.541077 - DEBUG : <-<- null
2025-05-28 17:50:58.734572 - DEBUG : ->>> b'16/5\nmicrophoneToTextzh-cn'
2025-05-28 17:51:04.846612 - DEBUG : <-<- null
2025-05-28 17:51:05.066025 - DEBUG : ->>> b'16/5\nmicrophoneToTextzh-cn'
2025-05-28 17:51:10.985636 - DEBUG : <-<- null
2025-05-28 17:51:11.160127 - DEBUG : ->>> b'16/5\nmicrophoneToTextzh-cn'
2025-05-28 17:51:17.080157 - DEBUG : <-<- null
2025-05-28 17:51:17.280622 - DEBUG : ->>> b'16/5\nmicrophoneToTextzh-cn'
2025-05-28 17:51:23.326759 - DEBUG : <-<- null
2025-05-28 17:51:23.492274 - DEBUG : ->>> b'16/5\nmicrophoneToTextzh-cn'
2025-05-28 17:51:29.556115 - DEBUG : <-<- null
2025-05-28 17:51:29.748119 - DEBUG : ->>> b'16/5\nmicrophoneToTextzh-cn'
2025-05-28 17:51:35.887213 - DEBUG : <-<- null
2025-05-28 17:51:36.050775 - DEBUG : ->>> b'16/5\nmicrophoneToTextzh-cn'
2025-05-28 17:51:41.994337 - DEBUG : <-<- null
2025-05-28 17:51:42.191808 - DEBUG : ->>> b'16/5\nmicrophoneToTextzh-cn'
2025-05-28 17:51:48.170704 - DEBUG : <-<- null
2025-05-28 17:51:48.369551 - DEBUG : ->>> b'16/5\nmicrophoneToTextzh-cn'
2025-05-28 17:52:25.659056 - DEBUG : <-<- Client connection at 127.0.0.1: 59006
2025-05-28 17:52:25.659749 - DEBUG : ->>> b'17/84/6\ninitSpeechServiceCmwzTb35WSvnOYEPoY9wC12ExtiNJkI37VJlc9itceLmM6osBYstJQQJ99BAACYeBjFXJ3w3AAAYACOG1fhOeastus'
2025-05-28 17:52:25.668726 - DEBUG : <-<- true
2025-05-28 17:52:25.668726 - DEBUG : ->>> b'13/25/3/3/5/5\ninitMetahuman../humanModel/humanModel20.50.5falsefalse'
2025-05-28 17:52:50.290169 - DEBUG : <-<- true
2025-05-28 17:52:50.290169 - DEBUG : ->>> b'17/28/2/2/2/2\nreplaceBackground../NewHuman/background/2.jpg-1-1-150'
2025-05-28 17:52:50.474882 - DEBUG : <-<- true
2025-05-28 17:52:51.014398 - DEBUG : ->>> b'16/5\nmicrophoneToTextzh-cn'
2025-05-28 17:52:54.850505 - DEBUG : <-<- 你好。
2025-05-28 17:52:55.753660 - DEBUG : ->>> b'14/1/6/2/3/3/1/5/5\nshowSpeechText0\xe6\xa5\xb7\xe4\xbd\x93201282550falsefalse'
2025-05-28 17:52:55.755663 - DEBUG : <-<- true
2025-05-28 17:52:55.755663 - DEBUG : ->>> b'15/14/42/5/20/1/4/1/7\nmetahumanSpeech../voice/2.mp3\xe4\xbd\xa0\xe5\xa5\xbd\xef\xbc\x81\xe6\x9c\x89\xe4\xbb\x80\xe4\xb9\x88\xe5\x8f\xaf\xe4\xbb\xa5\xe5\xb8\xae\xe5\x88\xb0\xe4\xbd\xa0\xe7\x9a\x84\xe5\x90\x97\xef\xbc\x9fzh-cnzh-cn-XiaochenNeural0true0General'
2025-05-28 17:53:01.376588 - DEBUG : <-<- 3450
2025-05-28 17:53:01.377585 - DEBUG : ->>> b'16/5\nmicrophoneToTextzh-cn'
2025-05-28 17:53:07.862246 - DEBUG : <-<- null
2025-05-28 17:53:08.052736 - DEBUG : ->>> b'16/5\nmicrophoneToTextzh-cn'
2025-05-28 17:53:14.053384 - DEBUG : <-<- null
2025-05-28 17:53:14.216517 - DEBUG : ->>> b'16/5\nmicrophoneToTextzh-cn'
