2025-05-24 21:57:09.725002 - DEBUG : <-<- Client connection at 127.0.0.1: 53943
2025-05-24 21:57:09.726023 - DEBUG : ->>> b'17/84/6\ninitSpeechServiceCmwzTb35WSvnOYEPoY9wC12ExtiNJkI37VJlc9itceLmM6osBYstJQQJ99BAACYeBjFXJ3w3AAAYACOG1fhOeastus'
2025-05-24 21:57:09.734021 - DEBUG : <-<- true
2025-05-24 21:57:09.734995 - DEBUG : ->>> b'13/25/3/3/5/5\ninitMetahuman../humanModel/humanModel20.50.5falsefalse'
2025-05-24 21:57:35.540400 - DEBUG : <-<- true
2025-05-24 21:57:35.540400 - DEBUG : ->>> b'17/28/2/2/2/2\nreplaceBackground../NewHuman/background/2.jpg-1-1-150'
2025-05-24 21:57:35.606228 - DEBUG : <-<- true
2025-05-24 21:57:35.606228 - DEBUG : ->>> b'16/5\nmicrophoneToTextzh-cn'
2025-05-24 21:57:41.536998 - DEBUG : <-<- 你好。
2025-05-24 21:57:45.396967 - DEBUG : ->>> b'14/1/6/2/3/3/1/5/5\nshowSpeechText0\xe6\xa5\xb7\xe4\xbd\x93201282550falsefalse'
2025-05-24 21:57:45.397964 - DEBUG : <-<- true
2025-05-24 21:57:45.398966 - DEBUG : ->>> b'15/37/42/5/20/1/4/1/7\nmetahumanSpeech../humanModel/humanModel2/voice/2.mp3\xe4\xbd\xa0\xe5\xa5\xbd\xef\xbc\x81\xe6\x9c\x89\xe4\xbb\x80\xe4\xb9\x88\xe5\x8f\xaf\xe4\xbb\xa5\xe5\xb8\xae\xe5\x88\xb0\xe4\xbd\xa0\xe7\x9a\x84\xe5\x90\x97\xef\xbc\x9fzh-cnzh-cn-XiaochenNeural0true0General'
2025-05-24 21:57:52.073646 - DEBUG : <-<- 3450
2025-05-24 21:58:12.952841 - DEBUG : <-<- Client connection at 127.0.0.1: 53969
2025-05-24 21:58:12.952841 - DEBUG : ->>> b'17/84/6\ninitSpeechServiceCmwzTb35WSvnOYEPoY9wC12ExtiNJkI37VJlc9itceLmM6osBYstJQQJ99BAACYeBjFXJ3w3AAAYACOG1fhOeastus'
2025-05-24 21:58:12.961773 - DEBUG : <-<- true
2025-05-24 21:58:12.961773 - DEBUG : ->>> b'13/25/3/3/5/5\ninitMetahuman../humanModel/humanModel20.50.5falsefalse'
2025-05-24 21:58:39.467472 - DEBUG : <-<- true
2025-05-24 21:58:39.468186 - DEBUG : ->>> b'17/28/2/2/2/2\nreplaceBackground../NewHuman/background/2.jpg-1-1-150'
2025-05-24 21:58:39.532055 - DEBUG : <-<- true
2025-05-24 21:58:39.533010 - DEBUG : ->>> b'16/5\nmicrophoneToTextzh-cn'
2025-05-24 21:58:43.892936 - DEBUG : <-<- 你好。
2025-05-24 21:58:45.277625 - DEBUG : ->>> b'14/1/6/2/3/3/1/5/5\nshowSpeechText0\xe6\xa5\xb7\xe4\xbd\x93201282550falsefalse'
2025-05-24 21:58:45.279622 - DEBUG : <-<- true
2025-05-24 21:58:45.279622 - DEBUG : ->>> b'15/37/42/5/20/1/4/1/7\nmetahumanSpeech../humanModel/humanModel2/voice/2.mp3\xe4\xbd\xa0\xe5\xa5\xbd\xef\xbc\x81\xe6\x9c\x89\xe4\xbb\x80\xe4\xb9\x88\xe5\x8f\xaf\xe4\xbb\xa5\xe5\xb8\xae\xe5\x8a\xa9\xe4\xbd\xa0\xe7\x9a\x84\xe5\x90\x97\xef\xbc\x9fzh-cnzh-cn-XiaochenNeural0true0General'
2025-05-24 21:58:51.045511 - DEBUG : <-<- 3412
2025-05-24 21:59:12.357100 - DEBUG : <-<- Client connection at 127.0.0.1: 53990
2025-05-24 21:59:12.358101 - DEBUG : ->>> b'17/84/6\ninitSpeechServiceCmwzTb35WSvnOYEPoY9wC12ExtiNJkI37VJlc9itceLmM6osBYstJQQJ99BAACYeBjFXJ3w3AAAYACOG1fhOeastus'
2025-05-24 21:59:12.366784 - DEBUG : <-<- true
2025-05-24 21:59:12.367760 - DEBUG : ->>> b'13/25/3/3/5/5\ninitMetahuman../humanModel/humanModel20.50.5falsefalse'
2025-05-24 21:59:42.237272 - DEBUG : <-<- true
2025-05-24 21:59:42.238272 - DEBUG : ->>> b'17/28/2/2/2/2\nreplaceBackground../NewHuman/background/2.jpg-1-1-150'
2025-05-24 21:59:42.303112 - DEBUG : <-<- true
2025-05-24 21:59:42.303112 - DEBUG : ->>> b'16/5\nmicrophoneToTextzh-cn'
2025-05-24 21:59:48.246966 - DEBUG : <-<- 你是谁？
2025-05-24 21:59:50.256301 - DEBUG : ->>> b'14/1/6/2/3/3/1/5/5\nshowSpeechText0\xe6\xa5\xb7\xe4\xbd\x93201282550falsefalse'
2025-05-24 21:59:50.257297 - DEBUG : <-<- true
2025-05-24 21:59:50.257297 - DEBUG : ->>> b'15/37/196/5/20/1/4/1/7\nmetahumanSpeech../humanModel/humanModel2/voice/2.mp3\xe6\x88\x91\xe6\x98\xafQwen\xef\xbc\x8c\xe7\x94\xb1\xe9\x98\xbf\xe9\x87\x8c\xe4\xba\x91\xe5\xbc\x80\xe5\x8f\x91\xe7\x9a\x84\xe5\xa4\xa7\xe5\x9e\x8b\xe8\xaf\xad\xe8\xa8\x80\xe6\xa8\xa1\xe5\x9e\x8b\xe3\x80\x82\xe6\x88\x91\xe8\xa2\xab\xe8\xae\xbe\xe8\xae\xa1\xe7\x94\xa8\xe6\x9d\xa5\xe5\x8d\x8f\xe5\x8a\xa9\xe4\xba\xba\xe4\xbb\xac\xe8\xbf\x9b\xe8\xa1\x8c\xe5\x90\x84\xe7\xa7\x8d\xe6\x96\x87\xe6\x9c\xac\xe7\x9b\xb8\xe5\x85\xb3\xe7\x9a\x84\xe4\xbb\xbb\xe5\x8a\xa1\xef\xbc\x8c\xe5\xa6\x82\xe5\x86\x99\xe4\xbd\x9c\xe3\x80\x81\xe7\xbf\xbb\xe8\xaf\x91\xe3\x80\x81\xe5\x9b\x9e\xe7\xad\x94\xe9\x97\xae\xe9\xa2\x98\xe7\xad\x89\xe3\x80\x82\xe6\x9c\x89\xe4\xbb\x80\xe4\xb9\x88\xe6\x88\x91\xe5\x8f\xaf\xe4\xbb\xa5\xe5\xb8\xae\xe5\x8a\xa9\xe4\xbd\xa0\xe7\x9a\x84\xe5\x90\x97\xef\xbc\x9fzh-cnzh-cn-XiaochenNeural0true0General'
2025-05-24 22:00:09.769880 - DEBUG : <-<- 14012
2025-05-24 22:03:17.096626 - DEBUG : <-<- Client connection at 127.0.0.1: 54047
2025-05-24 22:03:17.097622 - DEBUG : ->>> b'17/84/6\ninitSpeechServiceCmwzTb35WSvnOYEPoY9wC12ExtiNJkI37VJlc9itceLmM6osBYstJQQJ99BAACYeBjFXJ3w3AAAYACOG1fhOeastus'
2025-05-24 22:03:17.106656 - DEBUG : <-<- true
2025-05-24 22:03:17.106656 - DEBUG : ->>> b'13/25/3/3/5/5\ninitMetahuman../humanModel/humanModel20.50.5falsefalse'
2025-05-24 22:03:43.902753 - DEBUG : <-<- true
2025-05-24 22:03:43.903755 - DEBUG : ->>> b'17/28/2/2/2/2\nreplaceBackground../NewHuman/background/2.jpg-1-1-150'
2025-05-24 22:03:43.967583 - DEBUG : <-<- true
2025-05-24 22:03:43.968580 - DEBUG : ->>> b'16/5\nmicrophoneToTextzh-cn'
2025-05-24 22:03:50.379565 - DEBUG : <-<- 我是你爹。
2025-05-24 22:03:52.211930 - DEBUG : ->>> b'14/1/6/2/3/3/1/5/5\nshowSpeechText0\xe6\xa5\xb7\xe4\xbd\x93201282550falsefalse'
2025-05-24 22:03:52.213928 - DEBUG : <-<- true
2025-05-24 22:03:52.213928 - DEBUG : ->>> b'15/37/164/5/20/1/4/1/7\nmetahumanSpeech../humanModel/humanModel2/voice/2.mp3\xe6\x82\xa8\xe5\xa5\xbd\xef\xbc\x8c\xe6\x82\xa8\xe7\x9a\x84\xe8\xaf\xb4\xe6\xb3\x95\xe6\x88\x91\xe6\x97\xa0\xe6\xb3\x95\xe6\x8e\xa5\xe5\x8f\x97\xe3\x80\x82\xe4\xbd\x9c\xe4\xb8\xba\xe4\xb8\x80\xe4\xb8\xaaAI\xe5\x8a\xa9\xe6\x89\x8b\xef\xbc\x8c\xe6\x88\x91\xe6\xb2\xa1\xe6\x9c\x89\xe7\x88\xb6\xe6\xaf\x8d\xe3\x80\x82\xe5\xa6\x82\xe6\x9e\x9c\xe6\x82\xa8\xe6\x9c\x89\xe4\xbb\xbb\xe4\xbd\x95\xe9\x97\xae\xe9\xa2\x98\xe6\x88\x96\xe9\x9c\x80\xe8\xa6\x81\xe5\xb8\xae\xe5\x8a\xa9\xef\xbc\x8c\xe8\xaf\xb7\xe5\x91\x8a\xe8\xaf\x89\xe6\x88\x91\xef\xbc\x8c\xe6\x88\x91\xe4\xbc\x9a\xe5\xb0\xbd\xe5\x8a\x9b\xe6\x8f\x90\xe4\xbe\x9b\xe5\xb8\xae\xe5\x8a\xa9\xe3\x80\x82zh-cnzh-cn-XiaochenNeural0true0General'
2025-05-24 22:04:08.953096 - DEBUG : <-<- 11175
2025-05-24 22:04:08.954093 - DEBUG : ->>> b'16/5\nmicrophoneToTextzh-cn'
2025-05-24 22:04:13.485273 - DEBUG : <-<- 叫哥哥。
2025-05-24 22:04:14.076475 - DEBUG : ->>> b'14/1/6/2/3/3/1/5/5\nshowSpeechText0\xe6\xa5\xb7\xe4\xbd\x93201282550falsefalse'
2025-05-24 22:04:14.077467 - DEBUG : <-<- true
2025-05-24 22:04:14.077467 - DEBUG : ->>> b'15/37/51/5/20/1/4/1/7\nmetahumanSpeech../humanModel/humanModel2/voice/2.mp3\xe5\xa5\xbd\xef\xbc\x8c\xe5\x93\xa5\xe5\x93\xa5\xe3\x80\x82\xe6\x9c\x89\xe4\xbb\x80\xe4\xb9\x88\xe6\x88\x91\xe5\x8f\xaf\xe4\xbb\xa5\xe5\xb8\xae\xe5\x8a\xa9\xe4\xbd\xa0\xe7\x9a\x84\xe5\x90\x97\xef\xbc\x9fzh-cnzh-cn-XiaochenNeural0true0General'
2025-05-24 22:04:21.482351 - DEBUG : <-<- 4400
2025-05-24 22:04:21.482351 - DEBUG : ->>> b'16/5\nmicrophoneToTextzh-cn'
2025-05-24 22:04:29.096443 - DEBUG : <-<- 你帮我介绍一下我们的大模型项目。
2025-05-24 22:04:34.005994 - DEBUG : ->>> b'14/1/6/2/3/3/1/5/5\nshowSpeechText0\xe6\xa5\xb7\xe4\xbd\x93201282550falsefalse'
2025-05-24 22:04:34.007034 - DEBUG : <-<- true
2025-05-24 22:04:34.007034 - DEBUG : ->>> b'15/37/1334/5/20/1/4/1/7\nmetahumanSpeech../humanModel/humanModel2/voice/2.mp3\xe6\x82\xa8\xe6\x8f\x90\xe5\x88\xb0\xe7\x9a\x84\xe2\x80\x9c\xe6\x88\x91\xe4\xbb\xac\xe7\x9a\x84\xe5\xa4\xa7\xe6\xa8\xa1\xe5\x9e\x8b\xe9\xa1\xb9\xe7\x9b\xae\xe2\x80\x9d\xe4\xbc\xbc\xe4\xb9\x8e\xe6\x98\xaf\xe6\x8c\x87\xe7\x89\xb9\xe5\xae\x9a\xe7\x9a\x84\xe4\xb8\x80\xe4\xb8\xaa\xe6\x88\x96\xe5\xa4\x9a\xe4\xb8\xaa\xe9\xa1\xb9\xe7\x9b\xae\xef\xbc\x8c\xe4\xbd\x86\xe6\xb2\xa1\xe6\x9c\x89\xe6\x8f\x90\xe4\xbe\x9b\xe5\x85\xb7\xe4\xbd\x93\xe7\x9a\x84\xe4\xbf\xa1\xe6\x81\xaf\xe8\xae\xa9\xe6\x88\x91\xe8\x83\xbd\xe5\xa4\x9f\xe5\x87\x86\xe7\xa1\xae\xe5\x9c\xb0\xe6\x8f\x8f\xe8\xbf\xb0\xe5\xae\x83\xe3\x80\x82\xe5\xa6\x82\xe6\x9e\x9c\xe6\x82\xa8\xe6\x8c\x87\xe7\x9a\x84\xe6\x98\xaf\xe9\x98\xbf\xe9\x87\x8c\xe5\xb7\xb4\xe5\xb7\xb4\xe9\x9b\x86\xe5\x9b\xa2\xe5\x9c\xa8\xe4\xba\xba\xe5\xb7\xa5\xe6\x99\xba\xe8\x83\xbd\xe9\xa2\x86\xe5\x9f\x9f\xe7\x9a\x84\xe5\xa4\xa7\xe8\xa7\x84\xe6\xa8\xa1\xe8\xaf\xad\xe8\xa8\x80\xe6\xa8\xa1\xe5\x9e\x8b\xe9\xa1\xb9\xe7\x9b\xae\xef\xbc\x8c\xe6\x88\x91\xe5\x8f\xaf\xe4\xbb\xa5\xe6\x8f\x90\xe4\xbe\x9b\xe4\xb8\x80\xe4\xba\x9b\xe4\xb8\x80\xe8\x88\xac\xe6\x80\xa7\xe7\x9a\x84\xe4\xbb\x8b\xe7\xbb\x8d\xe3\x80\x82\n\n\xe9\x98\xbf\xe9\x87\x8c\xe5\xb7\xb4\xe5\xb7\xb4\xe9\x9b\x86\xe5\x9b\xa2\xe5\x9c\xa8\xe4\xba\xba\xe5\xb7\xa5\xe6\x99\xba\xe8\x83\xbd\xe9\xa2\x86\xe5\x9f\x9f\xe6\x9c\x89\xe7\x9d\x80\xe5\xb9\xbf\xe6\xb3\x9b\xe7\x9a\x84\xe7\xa0\x94\xe7\xa9\xb6\xe5\x92\x8c\xe5\xba\x94\xe7\x94\xa8\xef\xbc\x8c\xe7\x89\xb9\xe5\x88\xab\xe6\x98\xaf\xe5\x9c\xa8\xe8\x87\xaa\xe7\x84\xb6\xe8\xaf\xad\xe8\xa8\x80\xe5\xa4\x84\xe7\x90\x86\xef\xbc\x88NLP\xef\xbc\x89\xe6\x96\xb9\xe9\x9d\xa2\xe3\x80\x82\xe9\x98\xbf\xe9\x87\x8c\xe5\xb7\xb4\xe5\xb7\xb4\xe5\xbc\x80\xe5\x8f\x91\xe4\xba\x86\xe5\xa4\x9a\xe7\xa7\x8d\xe5\xa4\xa7\xe5\x9e\x8b\xe8\xaf\xad\xe8\xa8\x80\xe6\xa8\xa1\xe5\x9e\x8b\xef\xbc\x8c\xe6\x97\xa8\xe5\x9c\xa8\xe6\x8f\x90\xe5\x8d\x87\xe6\x9c\xba\xe5\x99\xa8\xe7\x90\x86\xe8\xa7\xa3\xe5\x92\x8c\xe7\x94\x9f\xe6\x88\x90\xe4\xba\xba\xe7\xb1\xbb\xe8\xaf\xad\xe8\xa8\x80\xe7\x9a\x84\xe8\x83\xbd\xe5\x8a\x9b\xef\xbc\x8c\xe4\xbb\x8e\xe8\x80\x8c\xe4\xb8\xba\xe7\x94\xa8\xe6\x88\xb7\xe6\x8f\x90\xe4\xbe\x9b\xe6\x9b\xb4\xe5\x8a\xa0\xe6\x99\xba\xe8\x83\xbd\xe7\x9a\x84\xe6\x9c\x8d\xe5\x8a\xa1\xe3\x80\x82\xe8\xbf\x99\xe4\xba\x9b\xe6\xa8\xa1\xe5\x9e\x8b\xe7\x9a\x84\xe5\xba\x94\xe7\x94\xa8\xe8\x8c\x83\xe5\x9b\xb4\xe9\x9d\x9e\xe5\xb8\xb8\xe5\xb9\xbf\xe6\xb3\x9b\xef\xbc\x8c\xe5\x8c\x85\xe6\x8b\xac\xe4\xbd\x86\xe4\xb8\x8d\xe9\x99\x90\xe4\xba\x8e\xe5\xae\xa2\xe6\x88\xb7\xe6\x9c\x8d\xe5\x8a\xa1\xe3\x80\x81\xe5\x86\x85\xe5\xae\xb9\xe7\x94\x9f\xe6\x88\x90\xe3\x80\x81\xe7\xbf\xbb\xe8\xaf\x91\xe3\x80\x81\xe6\x90\x9c\xe7\xb4\xa2\xe4\xbc\x98\xe5\x8c\x96\xe7\xad\x89\xe3\x80\x82\n\n\xe5\x85\xb6\xe4\xb8\xad\xef\xbc\x8cQwen\xe6\x98\xaf\xe9\x98\xbf\xe9\x87\x8c\xe5\xb7\xb4\xe5\xb7\xb4\xe6\x8e\xa8\xe5\x87\xba\xe7\x9a\x84\xe4\xb8\x80\xe4\xb8\xaa\xe5\xa4\xa7\xe5\x9e\x8b\xe8\xaf\xad\xe8\xa8\x80\xe6\xa8\xa1\xe5\x9e\x8b\xe7\xb3\xbb\xe5\x88\x97\xef\xbc\x8c\xe6\x97\xa8\xe5\x9c\xa8\xe9\x80\x9a\xe8\xbf\x87\xe5\x85\x88\xe8\xbf\x9b\xe7\x9a\x84\xe6\xb7\xb1\xe5\xba\xa6\xe5\xad\xa6\xe4\xb9\xa0\xe6\x8a\x80\xe6\x9c\xaf\xef\xbc\x8c\xe6\x8f\x90\xe4\xbe\x9b\xe9\xab\x98\xe8\xb4\xa8\xe9\x87\x8f\xe7\x9a\x84\xe8\xaf\xad\xe8\xa8\x80\xe7\x90\x86\xe8\xa7\xa3\xe5\x92\x8c\xe7\x94\x9f\xe6\x88\x90\xe6\x9c\x8d\xe5\x8a\xa1\xe3\x80\x82Qwen\xe7\x9a\x84\xe8\xae\xbe\xe8\xae\xa1\xe6\x97\xa8\xe5\x9c\xa8\xe5\xb8\xae\xe5\x8a\xa9\xe7\x94\xa8\xe6\x88\xb7\xe6\x9b\xb4\xe9\xab\x98\xe6\x95\x88\xe5\x9c\xb0\xe8\x8e\xb7\xe5\x8f\x96\xe4\xbf\xa1\xe6\x81\xaf\xe3\x80\x81\xe8\xa7\xa3\xe5\x86\xb3\xe9\x97\xae\xe9\xa2\x98\xe4\xbb\xa5\xe5\x8f\x8a\xe5\x88\x9b\xe9\x80\xa0\xe5\x86\x85\xe5\xae\xb9\xef\xbc\x8c\xe5\x90\x8c\xe6\x97\xb6\xe4\xb9\x9f\xe6\x94\xaf\xe6\x8c\x81\xe5\xa4\x9a\xe8\xaf\xad\xe8\xa8\x80\xe8\x83\xbd\xe5\x8a\x9b\xef\xbc\x8c\xe4\xbb\xa5\xe6\xbb\xa1\xe8\xb6\xb3\xe5\x85\xa8\xe7\x90\x83\xe7\x94\xa8\xe6\x88\xb7\xe7\x9a\x84\xe5\xa4\x9a\xe6\xa0\xb7\xe5\x8c\x96\xe9\x9c\x80\xe6\xb1\x82\xe3\x80\x82\n\n\xe4\xb8\x8d\xe8\xbf\x87\xef\xbc\x8c\xe8\xaf\xb7\xe6\xb3\xa8\xe6\x84\x8f\xef\xbc\x8c\xe5\xaf\xb9\xe4\xba\x8e\xe5\x85\xb7\xe4\xbd\x93\xe7\x9a\x84\xe9\xa1\xb9\xe7\x9b\xae\xe7\xbb\x86\xe8\x8a\x82\xe3\x80\x81\xe6\x8a\x80\xe6\x9c\xaf\xe5\x8f\x82\xe6\x95\xb0\xe6\x88\x96\xe6\x98\xaf\xe6\x9c\x80\xe6\x96\xb0\xe7\x9a\x84\xe7\xa0\x94\xe7\xa9\xb6\xe6\x88\x90\xe6\x9e\x9c\xef\xbc\x8c\xe5\xbb\xba\xe8\xae\xae\xe7\x9b\xb4\xe6\x8e\xa5\xe5\x8f\x82\xe8\x80\x83\xe9\x98\xbf\xe9\x87\x8c\xe5\xb7\xb4\xe5\xb7\xb4\xe5\xae\x98\xe6\x96\xb9\xe5\x8f\x91\xe5\xb8\x83\xe7\x9a\x84\xe8\xb5\x84\xe6\x96\x99\xe6\x88\x96\xe8\x80\x85\xe7\x9b\xb8\xe5\x85\xb3\xe7\x9a\x84\xe7\xa7\x91\xe7\xa0\x94\xe8\xae\xba\xe6\x96\x87\xef\xbc\x8c\xe5\x9b\xa0\xe4\xb8\xba\xe8\xbf\x99\xe4\xba\x9b\xe4\xbf\xa1\xe6\x81\xaf\xe5\x8f\xaf\xe8\x83\xbd\xe4\xbc\x9a\xe9\x9a\x8f\xe7\x9d\x80\xe7\xa0\x94\xe7\xa9\xb6\xe7\x9a\x84\xe8\xbf\x9b\xe5\xb1\x95\xe8\x80\x8c\xe6\x9b\xb4\xe6\x96\xb0\xe3\x80\x82\xe5\xa6\x82\xe6\x9e\x9c\xe6\x82\xa8\xe6\x9c\x89\xe6\x9b\xb4\xe5\x85\xb7\xe4\xbd\x93\xe7\x9a\x84\xe9\x97\xae\xe9\xa2\x98\xe6\x88\x96\xe8\x80\x85\xe6\x98\xaf\xe6\x83\xb3\xe4\xba\x86\xe8\xa7\xa3\xe6\x9f\x90\xe4\xb8\xaa\xe7\x89\xb9\xe5\xae\x9a\xe6\x96\xb9\xe9\x9d\xa2\xe7\x9a\x84\xe4\xbf\xa1\xe6\x81\xaf\xef\xbc\x8c\xe8\xaf\xb7\xe9\x9a\x8f\xe6\x97\xb6\xe5\x91\x8a\xe8\xaf\x89\xe6\x88\x91\xef\xbc\x81zh-cnzh-cn-XiaochenNeural0true0General'
2025-05-24 22:06:02.081169 - DEBUG : <-<- Client connection at 127.0.0.1: 54097
2025-05-24 22:06:02.081169 - DEBUG : ->>> b'17/84/6\ninitSpeechServiceCmwzTb35WSvnOYEPoY9wC12ExtiNJkI37VJlc9itceLmM6osBYstJQQJ99BAACYeBjFXJ3w3AAAYACOG1fhOeastus'
2025-05-24 22:06:02.089194 - DEBUG : <-<- true
2025-05-24 22:06:02.090232 - DEBUG : ->>> b'13/25/3/3/5/5\ninitMetahuman../humanModel/humanModel20.50.5falsefalse'
2025-05-24 22:06:32.025958 - DEBUG : <-<- true
2025-05-24 22:06:32.026962 - DEBUG : ->>> b'17/28/2/2/2/2\nreplaceBackground../NewHuman/background/2.jpg-1-1-150'
2025-05-24 22:06:32.090823 - DEBUG : <-<- true
2025-05-24 22:08:19.219943 - DEBUG : <-<- Client connection at 127.0.0.1: 54142
2025-05-24 22:08:19.219943 - DEBUG : ->>> b'17/84/6\ninitSpeechServiceCmwzTb35WSvnOYEPoY9wC12ExtiNJkI37VJlc9itceLmM6osBYstJQQJ99BAACYeBjFXJ3w3AAAYACOG1fhOeastus'
2025-05-24 22:08:19.228919 - DEBUG : <-<- true
2025-05-24 22:08:19.228919 - DEBUG : ->>> b'13/25/3/3/5/5\ninitMetahuman../humanModel/humanModel20.50.5falsefalse'
2025-05-24 22:08:40.337906 - DEBUG : <-<- true
2025-05-24 22:08:40.338907 - DEBUG : ->>> b'17/28/2/2/2/2\nreplaceBackground../NewHuman/background/2.jpg-1-1-150'
2025-05-24 22:08:40.402736 - DEBUG : <-<- true
2025-05-24 22:08:40.907386 - DEBUG : ->>> b'16/5\nmicrophoneToTextzh-cn'
2025-05-24 22:08:47.048374 - DEBUG : <-<- null
2025-05-24 22:09:14.172615 - DEBUG : <-<- Client connection at 127.0.0.1: 54179
2025-05-24 22:09:14.173613 - DEBUG : ->>> b'17/84/6\ninitSpeechServiceCmwzTb35WSvnOYEPoY9wC12ExtiNJkI37VJlc9itceLmM6osBYstJQQJ99BAACYeBjFXJ3w3AAAYACOG1fhOeastus'
2025-05-24 22:09:14.182630 - DEBUG : <-<- true
2025-05-24 22:09:14.182630 - DEBUG : ->>> b'13/25/3/3/5/5\ninitMetahuman../humanModel/humanModel20.50.5falsefalse'
2025-05-24 22:09:35.906007 - DEBUG : <-<- true
2025-05-24 22:09:35.906007 - DEBUG : ->>> b'17/28/2/2/2/2\nreplaceBackground../NewHuman/background/2.jpg-1-1-150'
2025-05-24 22:09:35.970832 - DEBUG : <-<- true
2025-05-24 22:09:35.971829 - DEBUG : ->>> b'16/5\nmicrophoneToTextzh-cn'
2025-05-24 22:09:43.253646 - DEBUG : <-<- 我的女朋友张天琪是一只小猪，请问它可爱吗？
2025-05-24 22:09:48.295308 - DEBUG : ->>> b'14/1/6/2/3/3/1/5/5\nshowSpeechText0\xe6\xa5\xb7\xe4\xbd\x93201282550falsefalse'
2025-05-24 22:09:48.296347 - DEBUG : <-<- true
2025-05-24 22:09:48.296347 - DEBUG : ->>> b'15/37/826/5/20/1/4/1/7\nmetahumanSpeech../humanModel/humanModel2/voice/2.mp3\xe4\xbb\x8e\xe6\x82\xa8\xe7\x9a\x84\xe6\x8f\x8f\xe8\xbf\xb0\xe6\x9d\xa5\xe7\x9c\x8b\xef\xbc\x8c\xe6\x82\xa8\xe4\xbc\xbc\xe4\xb9\x8e\xe6\x98\xaf\xe5\x9c\xa8\xe4\xbb\xa5\xe4\xb8\x80\xe7\xa7\x8d\xe7\x89\xb9\xe5\x88\xab\xe7\x9a\x84\xe6\x96\xb9\xe5\xbc\x8f\xe8\xa1\xa8\xe8\xbe\xbe\xe5\xaf\xb9\xe5\xa5\xb3\xe6\x9c\x8b\xe5\x8f\x8b\xe7\x9a\x84\xe5\x96\x9c\xe7\x88\xb1\xe3\x80\x82\xe5\xa6\x82\xe6\x9e\x9c\xe5\xbc\xa0\xe5\xa4\xa9\xe7\x90\xaa\xe6\x98\xaf\xe6\x82\xa8\xe6\x83\xb3\xe8\xb1\xa1\xe4\xb8\xad\xe6\x88\x96\xe6\x9f\x90\xe7\xa7\x8d\xe6\xaf\x94\xe5\x96\xbb\xe4\xb8\xad\xe7\x9a\x84\xe2\x80\x9c\xe4\xb8\x80\xe5\x8f\xaa\xe5\xb0\x8f\xe7\x8c\xaa\xe2\x80\x9d\xef\xbc\x8c\xe9\x82\xa3\xe4\xb9\x88\xe5\xa5\xb9\xe6\x98\xaf\xe5\x90\xa6\xe5\x8f\xaf\xe7\x88\xb1\xe5\xae\x8c\xe5\x85\xa8\xe5\x8f\x96\xe5\x86\xb3\xe4\xba\x8e\xe6\x82\xa8\xe7\x9a\x84\xe4\xb8\xaa\xe4\xba\xba\xe6\x84\x9f\xe5\x8f\x97\xe5\x92\x8c\xe4\xbd\xa0\xe4\xbb\xac\xe4\xb9\x8b\xe9\x97\xb4\xe7\x9a\x84\xe5\x85\xb3\xe7\xb3\xbb\xe3\x80\x82\n\n\xe5\xa6\x82\xe6\x9e\x9c\xe6\x88\x91\xe4\xbb\xac\xe4\xbb\x8e\xe5\xad\x97\xe9\x9d\xa2\xe6\x84\x8f\xe4\xb9\x89\xe4\xb8\x8a\xe7\x90\x86\xe8\xa7\xa3\xef\xbc\x8c\xe5\x8d\xb3\xe5\xbc\xa0\xe5\xa4\xa9\xe7\x90\xaa\xe7\x9c\x9f\xe7\x9a\x84\xe6\x98\xaf\xe4\xb8\x80\xe5\x8f\xaa\xe5\xb0\x8f\xe7\x8c\xaa\xef\xbc\x8c\xe9\x82\xa3\xe4\xb9\x88\xe2\x80\x9c\xe5\x8f\xaf\xe7\x88\xb1\xe2\x80\x9d\xe4\xb8\x8e\xe5\x90\xa6\xe5\x88\x99\xe6\x9b\xb4\xe5\xa4\x9a\xe5\x9c\xb0\xe4\xbe\x9d\xe8\xb5\x96\xe4\xba\x8e\xe4\xb8\xaa\xe4\xba\xba\xe5\xae\xa1\xe7\xbe\x8e\xe8\xa7\x82\xe3\x80\x82\xe9\x80\x9a\xe5\xb8\xb8\xe6\x9d\xa5\xe8\xaf\xb4\xef\xbc\x8c\xe8\xae\xb8\xe5\xa4\x9a\xe4\xba\xba\xe8\xae\xa4\xe4\xb8\xba\xe5\xb0\x8f\xe7\x8c\xaa\xe6\x98\xaf\xe9\x9d\x9e\xe5\xb8\xb8\xe5\x8f\xaf\xe7\x88\xb1\xe3\x80\x81\xe8\xae\xa8\xe4\xba\xba\xe5\x96\x9c\xe6\xac\xa2\xe7\x9a\x84\xe5\x8a\xa8\xe7\x89\xa9\xef\xbc\x8c\xe5\xae\x83\xe4\xbb\xac\xe5\x9c\x86\xe6\xb6\xa6\xe7\x9a\x84\xe8\xba\xab\xe4\xbd\x93\xe5\x92\x8c\xe5\xa5\xbd\xe5\xa5\x87\xe7\x9a\x84\xe7\x9c\xbc\xe7\xa5\x9e\xe5\xb8\xb8\xe5\xb8\xb8\xe7\xbb\x99\xe4\xba\xba\xe7\x95\x99\xe4\xb8\x8b\xe6\xb7\xb1\xe5\x88\xbb\xe5\x8d\xb0\xe8\xb1\xa1\xe3\x80\x82\n\n\xe4\xb8\x8d\xe8\xbf\x87\xef\xbc\x8c\xe8\x80\x83\xe8\x99\x91\xe5\x88\xb0\xe5\xae\x9e\xe9\x99\x85\xe6\x83\x85\xe5\x86\xb5\xef\xbc\x8c\xe5\xa4\xa7\xe5\xa4\x9a\xe6\x95\xb0\xe6\x83\x85\xe5\x86\xb5\xe4\xb8\x8b\xe4\xba\xba\xe4\xbb\xac\xe8\xb0\x88\xe8\xae\xba\xe7\x9a\x84\xe5\xaf\xb9\xe8\xb1\xa1\xe6\x98\xaf\xe4\xba\xba\xe7\xb1\xbb\xe4\xbc\xb4\xe4\xbe\xa3\xef\xbc\x8c\xe6\x89\x80\xe4\xbb\xa5\xe8\xbf\x99\xe9\x87\x8c\xe5\x8f\xaf\xe8\x83\xbd\xe6\x9b\xb4\xe5\xa4\x9a\xe7\x9a\x84\xe6\x98\xaf\xe7\x94\xa8\xe4\xb8\x80\xe7\xa7\x8d\xe4\xba\xb2\xe5\x88\x87\xe3\x80\x81\xe7\x88\xb1\xe6\x80\x9c\xe7\x9a\x84\xe6\x96\xb9\xe5\xbc\x8f\xe6\x9d\xa5\xe7\xa7\xb0\xe5\x91\xbc\xe6\x82\xa8\xe7\x9a\x84\xe5\xa5\xb3\xe6\x9c\x8b\xe5\x8f\x8b\xe3\x80\x82\xe5\xb8\x8c\xe6\x9c\x9b\xe8\xbf\x99\xe8\x83\xbd\xe5\xb8\xae\xe5\x8a\xa9\xe5\x88\xb0\xe6\x82\xa8\xef\xbc\x81\xe5\xa6\x82\xe6\x9e\x9c\xe6\x82\xa8\xe6\x9c\x89\xe5\x85\xb6\xe4\xbb\x96\xe9\x97\xae\xe9\xa2\x98\xe6\x88\x96\xe9\x9c\x80\xe8\xa6\x81\xe8\xbf\x9b\xe4\xb8\x80\xe6\xad\xa5\xe6\xbe\x84\xe6\xb8\x85\xe7\x9a\x84\xe5\x9c\xb0\xe6\x96\xb9\xef\xbc\x8c\xe6\xac\xa2\xe8\xbf\x8e\xe9\x9a\x8f\xe6\x97\xb6\xe6\x8f\x90\xe9\x97\xae\xe3\x80\x82zh-cnzh-cn-XiaochenNeural0true0General'
2025-05-24 22:11:05.190677 - DEBUG : <-<- 51775
2025-05-24 22:11:05.190677 - DEBUG : ->>> b'16/5\nmicrophoneToTextzh-cn'
2025-05-24 22:11:11.817834 - DEBUG : <-<- 请播报一下现在的时间。
2025-05-24 22:11:13.136826 - DEBUG : ->>> b'14/1/6/2/3/3/1/5/5\nshowSpeechText0\xe6\xa5\xb7\xe4\xbd\x93201282550falsefalse'
2025-05-24 22:11:13.137770 - DEBUG : <-<- true
2025-05-24 22:11:13.137770 - DEBUG : ->>> b'15/37/212/5/20/1/4/1/7\nmetahumanSpeech../humanModel/humanModel2/voice/2.mp3\xe5\xbd\x93\xe5\x89\x8d\xe7\x9a\x84\xe6\x97\xb6\xe9\x97\xb4\xe6\x98\xaf2023\xe5\xb9\xb44\xe6\x9c\x8819\xe6\x97\xa5\xef\xbc\x8c\xe6\x98\x9f\xe6\x9c\x9f\xe4\xb8\x89\xef\xbc\x8c14\xe7\x82\xb937\xe5\x88\x86\xe3\x80\x82\xe8\xaf\xb7\xe6\xb3\xa8\xe6\x84\x8f\xef\xbc\x8c\xe8\xbf\x99\xe4\xb8\xaa\xe6\x97\xb6\xe9\x97\xb4\xe6\x98\xaf\xe7\xa4\xba\xe4\xbe\x8b\xe6\x97\xb6\xe9\x97\xb4\xef\xbc\x8c\xe5\xb9\xb6\xe4\xb8\x8d\xe4\xbb\xa3\xe8\xa1\xa8\xe6\x82\xa8\xe5\xae\x9e\xe9\x99\x85\xe8\x8e\xb7\xe5\x8f\x96\xe4\xbf\xa1\xe6\x81\xaf\xe7\x9a\x84\xe6\x97\xb6\xe5\x88\xbb\xe3\x80\x82\xe5\xa6\x82\xe6\x9e\x9c\xe6\x82\xa8\xe9\x9c\x80\xe8\xa6\x81\xe5\x87\x86\xe7\xa1\xae\xe7\x9a\x84\xe6\x97\xb6\xe9\x97\xb4\xef\xbc\x8c\xe8\xaf\xb7\xe6\x9f\xa5\xe7\x9c\x8b\xe6\x82\xa8\xe7\x9a\x84\xe8\xae\xbe\xe5\xa4\x87\xe6\x97\xb6\xe9\x97\xb4\xe3\x80\x82zh-cnzh-cn-XiaochenNeural0true0General'
2025-05-24 22:11:38.604524 - DEBUG : <-<- 15500
2025-05-24 22:11:38.604524 - DEBUG : ->>> b'16/5\nmicrophoneToTextzh-cn'
2025-05-24 22:11:42.401060 - DEBUG : <-<- 我是你爹。
2025-05-24 22:11:43.522164 - DEBUG : ->>> b'14/1/6/2/3/3/1/5/5\nshowSpeechText0\xe6\xa5\xb7\xe4\xbd\x93201282550falsefalse'
2025-05-24 22:11:43.523154 - DEBUG : <-<- true
2025-05-24 22:11:43.524194 - DEBUG : ->>> b'15/37/221/5/20/1/4/1/7\nmetahumanSpeech../humanModel/humanModel2/voice/2.mp3\xe6\x82\xa8\xe5\xa5\xbd\xef\xbc\x8c\xe6\x8c\x89\xe7\x85\xa7\xe6\xad\xa3\xe5\xb8\xb8\xe7\x9a\x84\xe9\x80\xbb\xe8\xbe\x91\xe5\x92\x8c\xe5\xae\x9e\xe9\x99\x85\xe6\x83\x85\xe5\x86\xb5\xef\xbc\x8c\xe7\x94\xa8\xe6\x88\xb7\xe5\x92\x8cAI\xe4\xb9\x8b\xe9\x97\xb4\xe7\x9a\x84\xe5\x85\xb3\xe7\xb3\xbb\xe5\xb9\xb6\xe4\xb8\x8d\xe9\x80\x82\xe7\x94\xa8\xe4\xba\x8e\xe5\xae\xb6\xe5\xba\xad\xe6\x88\x90\xe5\x91\x98\xe7\x9a\x84\xe7\xa7\xb0\xe8\xb0\x93\xe3\x80\x82\xe5\xa6\x82\xe6\x9e\x9c\xe6\x82\xa8\xe6\x9c\x89\xe4\xbb\xbb\xe4\xbd\x95\xe9\x97\xae\xe9\xa2\x98\xe6\x88\x96\xe9\x9c\x80\xe8\xa6\x81\xe5\xb8\xae\xe5\x8a\xa9\xef\xbc\x8c\xe6\x88\x91\xe5\xbe\x88\xe4\xb9\x90\xe6\x84\x8f\xe6\x8f\x90\xe4\xbe\x9b\xe6\x94\xaf\xe6\x8c\x81\xe3\x80\x82\xe8\xaf\xb7\xe9\x97\xae\xe6\x9c\x89\xe4\xbb\x80\xe4\xb9\x88\xe6\x88\x91\xe5\x8f\xaf\xe4\xbb\xa5\xe5\xb8\xae\xe6\x82\xa8\xe7\x9a\x84\xe5\x90\x97\xef\xbc\x9fzh-cnzh-cn-XiaochenNeural0true0General'
2025-05-24 22:12:02.503784 - DEBUG : <-<- 14800
2025-05-24 22:12:02.504782 - DEBUG : ->>> b'16/5\nmicrophoneToTextzh-cn'
2025-05-24 22:12:07.714291 - DEBUG : <-<- 支持的方式是很加油吗？
2025-05-24 22:12:10.027933 - DEBUG : ->>> b'14/1/6/2/3/3/1/5/5\nshowSpeechText0\xe6\xa5\xb7\xe4\xbd\x93201282550falsefalse'
2025-05-24 22:12:10.028933 - DEBUG : <-<- true
2025-05-24 22:12:10.029979 - DEBUG : ->>> b'15/37/503/5/20/1/4/1/7\nmetahumanSpeech../humanModel/humanModel2/voice/2.mp3\xe2\x80\x9c\xe6\x94\xaf\xe6\x8c\x81\xe7\x9a\x84\xe6\x96\xb9\xe5\xbc\x8f\xe6\x98\xaf\xe5\xbe\x88\xe5\x8a\xa0\xe6\xb2\xb9\xe2\x80\x9d\xe8\xbf\x99\xe5\x8f\xa5\xe8\xaf\x9d\xe4\xbc\xbc\xe4\xb9\x8e\xe6\x9c\x89\xe7\x82\xb9\xe4\xb8\x8d\xe5\xa4\xaa\xe6\xb8\x85\xe6\x99\xb0\xef\xbc\x8c\xe5\x8f\xaf\xe8\x83\xbd\xe9\x9c\x80\xe8\xa6\x81\xe8\xbf\x9b\xe4\xb8\x80\xe6\xad\xa5\xe8\xa7\xa3\xe9\x87\x8a\xe3\x80\x82\xe5\xa6\x82\xe6\x9e\x9c\xe4\xbd\xa0\xe6\x98\xaf\xe5\x9c\xa8\xe8\xaf\xa2\xe9\x97\xae\xe6\x94\xaf\xe6\x8c\x81\xe6\x9f\x90\xe4\xba\xba\xe6\x88\x96\xe6\x9f\x90\xe4\xba\x8b\xe7\x9a\x84\xe6\x96\xb9\xe5\xbc\x8f\xe6\x98\xaf\xe5\x90\xa6\xe5\x8f\xaf\xe4\xbb\xa5\xe9\x80\x9a\xe8\xbf\x87\xe2\x80\x9c\xe5\x8a\xa0\xe6\xb2\xb9\xe2\x80\x9d\xe6\x9d\xa5\xe8\xa1\xa8\xe8\xbe\xbe\xef\xbc\x8c\xe9\x82\xa3\xe4\xb9\x88\xe7\xad\x94\xe6\xa1\x88\xe6\x98\xaf\xe8\x82\xaf\xe5\xae\x9a\xe7\x9a\x84\xe3\x80\x82\xe2\x80\x9c\xe5\x8a\xa0\xe6\xb2\xb9\xe2\x80\x9d\xe6\x98\xaf\xe4\xb8\x80\xe7\xa7\x8d\xe5\xb8\xb8\xe8\xa7\x81\xe7\x9a\x84\xe9\xbc\x93\xe5\x8a\xb1\xe6\x96\xb9\xe5\xbc\x8f\xef\xbc\x8c\xe5\x9c\xa8\xe4\xb8\xad\xe6\x96\x87\xe4\xb8\xad\xe7\x94\xa8\xe6\x9d\xa5\xe8\xa1\xa8\xe7\xa4\xba\xe5\xaf\xb9\xe6\x9f\x90\xe4\xba\xba\xe7\x9a\x84\xe6\x94\xaf\xe6\x8c\x81\xe5\x92\x8c\xe9\xbc\x93\xe5\x8a\xb1\xef\xbc\x8c\xe6\xaf\x94\xe5\xa6\x82\xe5\x9c\xa8\xe6\xaf\x94\xe8\xb5\x9b\xe3\x80\x81\xe5\xad\xa6\xe4\xb9\xa0\xe6\x88\x96\xe8\x80\x85\xe5\x85\xb6\xe4\xbb\x96\xe6\x8c\x91\xe6\x88\x98\xe6\x80\xa7\xe6\xb4\xbb\xe5\x8a\xa8\xe4\xb8\xad\xe3\x80\x82\n\n\xe5\xa6\x82\xe6\x9e\x9c\xe4\xbd\xa0\xe7\x9a\x84\xe6\x84\x8f\xe6\x80\x9d\xe6\x98\xaf\xe5\x88\xab\xe7\x9a\x84\xef\xbc\x8c\xe8\xaf\xb7\xe6\x8f\x90\xe4\xbe\x9b\xe6\x9b\xb4\xe5\xa4\x9a\xe7\x9a\x84\xe4\xb8\x8a\xe4\xb8\x8b\xe6\x96\x87\xe6\x88\x96\xe8\x80\x85\xe8\xaf\xa6\xe7\xbb\x86\xe4\xbf\xa1\xe6\x81\xaf\xef\xbc\x8c\xe8\xbf\x99\xe6\xa0\xb7\xe6\x88\x91\xe5\x8f\xaf\xe4\xbb\xa5\xe6\x9b\xb4\xe5\x87\x86\xe7\xa1\xae\xe5\x9c\xb0\xe5\x9b\x9e\xe7\xad\x94\xe4\xbd\xa0\xe7\x9a\x84\xe9\x97\xae\xe9\xa2\x98\xe3\x80\x82zh-cnzh-cn-XiaochenNeural0true0General'
2025-05-24 22:12:54.365279 - DEBUG : <-<- 30225
2025-05-24 22:12:54.365279 - DEBUG : ->>> b'16/5\nmicrophoneToTextzh-cn'
2025-05-24 22:13:00.622756 - DEBUG : <-<- 可以模仿曾志伟说一段话吗？
2025-05-24 22:13:03.882264 - DEBUG : ->>> b'14/1/6/2/3/3/1/5/5\nshowSpeechText0\xe6\xa5\xb7\xe4\xbd\x93201282550falsefalse'
2025-05-24 22:13:03.883305 - DEBUG : <-<- true
2025-05-24 22:13:03.884257 - DEBUG : ->>> b'15/37/640/5/20/1/4/1/7\nmetahumanSpeech../humanModel/humanModel2/voice/2.mp3\xe5\xbd\x93\xe7\x84\xb6\xe5\x8f\xaf\xe4\xbb\xa5\xe5\xb0\x9d\xe8\xaf\x95\xe6\xa8\xa1\xe4\xbb\xbf\xe6\x9b\xbe\xe5\xbf\x97\xe4\xbc\x9f\xe7\x9a\x84\xe8\xaf\xb4\xe8\xaf\x9d\xe9\xa3\x8e\xe6\xa0\xbc\xef\xbc\x8c\xe4\xbb\x96\xe7\x9a\x84\xe9\xa3\x8e\xe6\xa0\xbc\xe9\x80\x9a\xe5\xb8\xb8\xe5\xb9\xbd\xe9\xbb\x98\xe9\xa3\x8e\xe8\xb6\xa3\xef\xbc\x8c\xe5\xb8\xa6\xe6\x9c\x89\xe9\xa6\x99\xe6\xb8\xaf\xe7\x89\xb9\xe8\x89\xb2\xe7\x9a\x84\xe8\xaf\xad\xe8\xa8\x80\xe8\xa1\xa8\xe8\xbe\xbe\xe3\x80\x82\xe4\xbb\xa5\xe4\xb8\x8b\xe6\x98\xaf\xe4\xb8\x80\xe6\xae\xb5\xe6\xa8\xa1\xe4\xbb\xbf\xe7\x9a\x84\xe7\xa4\xba\xe4\xbe\x8b\xef\xbc\x9a\n\n\xe5\x93\x8e\xe5\x91\x80\xef\xbc\x8c\xe5\x90\x84\xe4\xbd\x8d\xe8\xa7\x82\xe4\xbc\x97\xe6\x9c\x8b\xe5\x8f\x8b\xef\xbc\x8c\xe5\xa4\xa7\xe5\xae\xb6\xe5\xa5\xbd\xe5\x95\x8a\xef\xbc\x81\xe4\xbb\x8a\xe5\xa4\xa9\xe5\xa4\xa9\xe6\xb0\x94\xe8\xbf\x99\xe4\xb9\x88\xe5\xa5\xbd\xef\xbc\x8c\xe6\x98\xaf\xe4\xb8\x8d\xe6\x98\xaf\xe5\xbf\x83\xe6\x83\x85\xe4\xb9\x9f\xe8\xb7\x9f\xe7\x9d\x80\xe7\x89\xb9\xe5\x88\xab\xe8\x88\x92\xe7\x95\x85\xe5\x91\xa2\xef\xbc\x9f\xe5\x92\xb1\xe4\xbb\xac\xe9\xa6\x99\xe6\xb8\xaf\xe4\xba\xba\xe8\xae\xb2\xe7\xa9\xb6\xe7\x9a\x84\xe5\xb0\xb1\xe6\x98\xaf\xe4\xb8\x80\xe4\xb8\xaa\xe5\xbc\x80\xe5\xbf\x83\xef\xbc\x8c\xe7\xac\x91\xe5\x8f\xa3\xe5\xb8\xb8\xe5\xbc\x80\xe5\x98\x9b\xef\xbc\x81\xe4\xb8\x8d\xe8\xbf\x87\xe8\xaf\x9d\xe8\xaf\xb4\xe5\x9b\x9e\xe6\x9d\xa5\xef\xbc\x8c\xe7\x94\x9f\xe6\xb4\xbb\xe4\xb8\xad\xe7\x9a\x84\xe5\xb0\x8f\xe7\xa1\xae\xe5\xb9\xb8\xe7\x9c\x9f\xe7\x9a\x84\xe4\xb8\x8d\xe5\xb0\x91\xef\xbc\x8c\xe6\xaf\x94\xe5\xa6\x82\xe8\xaf\xb4\xe5\x92\x8c\xe6\x9c\x8b\xe5\x8f\x8b\xe4\xbb\xac\xe4\xb8\x80\xe8\xb5\xb7\xe5\x90\x83\xe4\xb8\xaa\xe6\x97\xa9\xe8\x8c\xb6\xef\xbc\x8c\xe8\x81\x8a\xe8\x81\x8a\xe5\xa4\xa9\xef\xbc\x8c\xe8\xbf\x99\xe5\xb0\xb1\xe6\x98\xaf\xe6\x9c\x80\xe7\xae\x80\xe5\x8d\x95\xe7\x9a\x84\xe5\xb9\xb8\xe7\xa6\x8f\xe5\x95\xa6\xef\xbc\x81\xe5\xa5\xbd\xe4\xba\x86\xef\xbc\x8c\xe4\xb8\x8d\xe8\x81\x8a\xe4\xba\x86\xef\xbc\x8c\xe7\xbb\xa7\xe7\xbb\xad\xe4\xba\xab\xe5\x8f\x97\xe6\x88\x91\xe4\xbb\xac\xe7\x9a\x84\xe5\xbf\xab\xe4\xb9\x90\xe6\x97\xb6\xe5\x85\x89\xe5\x90\xa7\xef\xbc\x81\n\n\xe8\xbf\x99\xe6\xae\xb5\xe8\xaf\x9d\xe5\xb0\xbd\xe9\x87\x8f\xe6\xa8\xa1\xe4\xbb\xbf\xe4\xba\x86\xe6\x9b\xbe\xe5\xbf\x97\xe4\xbc\x9f\xe9\x82\xa3\xe7\xa7\x8d\xe8\xbd\xbb\xe6\x9d\xbe\xe6\x84\x89\xe5\xbf\xab\xe3\x80\x81\xe5\x85\x85\xe6\xbb\xa1\xe4\xba\xb2\xe5\x92\x8c\xe5\x8a\x9b\xe7\x9a\x84\xe8\xaf\xb4\xe8\xaf\x9d\xe6\x96\xb9\xe5\xbc\x8f\xe3\x80\x82\xe5\xb8\x8c\xe6\x9c\x9b\xe4\xbd\xa0\xe5\x96\x9c\xe6\xac\xa2\xef\xbc\x81zh-cnzh-cn-XiaochenNeural0true0General'
2025-05-24 22:14:05.257595 - DEBUG : <-<- 42312
2025-05-24 22:14:05.258637 - DEBUG : ->>> b'16/5\nmicrophoneToTextzh-cn'
2025-05-24 22:16:34.874258 - DEBUG : <-<- Client connection at 127.0.0.1: 54343
2025-05-24 22:16:34.875257 - DEBUG : ->>> b'17/84/6\ninitSpeechServiceCmwzTb35WSvnOYEPoY9wC12ExtiNJkI37VJlc9itceLmM6osBYstJQQJ99BAACYeBjFXJ3w3AAAYACOG1fhOeastus'
2025-05-24 22:16:34.884886 - DEBUG : <-<- true
2025-05-24 22:16:34.884886 - DEBUG : ->>> b'13/25/3/3/5/5\ninitMetahuman../humanModel/humanModel20.50.5falsefalse'
2025-05-24 22:17:01.493740 - DEBUG : <-<- true
2025-05-24 22:17:01.494737 - DEBUG : ->>> b'17/28/2/2/2/2\nreplaceBackground../NewHuman/background/2.jpg-1-1-150'
2025-05-24 22:17:01.561140 - DEBUG : <-<- true
2025-05-24 22:17:01.606367 - DEBUG : ->>> b'16/5\nmicrophoneToTextzh-cn'
2025-05-24 22:17:07.505273 - DEBUG : <-<- null
2025-05-24 22:18:06.464511 - DEBUG : <-<- Client connection at 127.0.0.1: 54369
2025-05-24 22:18:06.464511 - DEBUG : ->>> b'17/84/6\ninitSpeechServiceCmwzTb35WSvnOYEPoY9wC12ExtiNJkI37VJlc9itceLmM6osBYstJQQJ99BAACYeBjFXJ3w3AAAYACOG1fhOeastus'
2025-05-24 22:18:06.475532 - DEBUG : <-<- true
2025-05-24 22:18:06.476552 - DEBUG : ->>> b'13/25/3/3/5/5\ninitMetahuman../humanModel/humanModel20.50.5falsefalse'
2025-05-24 22:18:27.360559 - DEBUG : <-<- true
2025-05-24 22:18:27.360559 - DEBUG : ->>> b'17/28/2/2/2/2\nreplaceBackground../NewHuman/background/2.jpg-1-1-150'
2025-05-24 22:18:27.426342 - DEBUG : <-<- true
2025-05-24 22:18:27.936951 - DEBUG : ->>> b'16/5\nmicrophoneToTextzh-cn'
2025-05-24 22:18:34.021683 - DEBUG : <-<- null
2025-05-24 22:19:02.373212 - DEBUG : <-<- Client connection at 127.0.0.1: 54403
2025-05-24 22:19:02.373212 - DEBUG : ->>> b'17/84/6\ninitSpeechServiceCmwzTb35WSvnOYEPoY9wC12ExtiNJkI37VJlc9itceLmM6osBYstJQQJ99BAACYeBjFXJ3w3AAAYACOG1fhOeastus'
2025-05-24 22:19:02.381263 - DEBUG : <-<- true
2025-05-24 22:19:02.382287 - DEBUG : ->>> b'13/25/3/3/5/5\ninitMetahuman../humanModel/humanModel20.50.5falsefalse'
2025-05-24 22:19:23.219486 - DEBUG : <-<- true
2025-05-24 22:19:23.220489 - DEBUG : ->>> b'17/28/2/2/2/2\nreplaceBackground../NewHuman/background/2.jpg-1-1-150'
2025-05-24 22:19:23.283890 - DEBUG : <-<- true
2025-05-24 22:19:23.284845 - DEBUG : ->>> b'16/5\nmicrophoneToTextzh-cn'
2025-05-24 22:19:27.960040 - DEBUG : <-<- 请播报一下现在实时的天气。
2025-05-24 22:19:30.197607 - DEBUG : ->>> b'14/1/6/2/3/3/1/5/5\nshowSpeechText0\xe6\xa5\xb7\xe4\xbd\x93201282550falsefalse'
2025-05-24 22:19:30.198647 - DEBUG : <-<- true
2025-05-24 22:19:30.198647 - DEBUG : ->>> b'15/37/237/5/20/1/4/1/7\nmetahumanSpeech../humanModel/humanModel2/voice/2.mp3\xe6\x88\x91\xe7\x9b\xae\xe5\x89\x8d\xe6\x97\xa0\xe6\xb3\x95\xe8\x8e\xb7\xe5\x8f\x96\xe5\xae\x9e\xe6\x97\xb6\xe6\x95\xb0\xe6\x8d\xae\xef\xbc\x8c\xe5\x9b\xa0\xe6\xad\xa4\xe4\xb8\x8d\xe8\x83\xbd\xe6\x8f\x90\xe4\xbe\x9b\xe5\xbd\x93\xe5\x89\x8d\xe7\xa1\xae\xe5\x88\x87\xe7\x9a\x84\xe5\xa4\xa9\xe6\xb0\x94\xe6\x83\x85\xe5\x86\xb5\xe3\x80\x82\xe6\x82\xa8\xe5\x8f\xaf\xe4\xbb\xa5\xe6\x9f\xa5\xe7\x9c\x8b\xe5\xb8\xb8\xe7\x94\xa8\xe7\x9a\x84\xe5\xa4\xa9\xe6\xb0\x94\xe5\xba\x94\xe7\x94\xa8\xe6\x9f\xa5\xe7\x9c\x8b\xe5\xae\x9e\xe6\x97\xb6\xe5\xa4\xa9\xe6\xb0\x94\xe4\xbf\xa1\xe6\x81\xaf\xef\xbc\x8c\xe6\x88\x96\xe8\x80\x85\xe5\x91\x8a\xe8\xaf\x89\xe6\x88\x91\xe6\x82\xa8\xe6\x89\x80\xe5\x9c\xa8\xe7\x9a\x84\xe5\x9f\x8e\xe5\xb8\x82\xef\xbc\x8c\xe6\x88\x91\xe5\x8f\xaf\xe4\xbb\xa5\xe6\x8c\x87\xe5\xaf\xbc\xe6\x82\xa8\xe5\xa6\x82\xe4\xbd\x95\xe6\x9f\xa5\xe8\xaf\xa2\xe6\x9c\x80\xe6\x96\xb0\xe7\x9a\x84\xe5\xa4\xa9\xe6\xb0\x94\xe9\xa2\x84\xe6\x8a\xa5\xe3\x80\x82zh-cnzh-cn-XiaochenNeural0true0General'
2025-05-24 22:19:53.020314 - DEBUG : <-<- 14837
2025-05-24 22:19:53.021312 - DEBUG : ->>> b'16/5\nmicrophoneToTextzh-cn'
2025-05-24 22:19:59.043674 - DEBUG : <-<- null
2025-05-24 22:20:10.540015 - DEBUG : <-<- Client connection at 127.0.0.1: 54427
2025-05-24 22:20:10.540015 - DEBUG : ->>> b'17/84/6\ninitSpeechServiceCmwzTb35WSvnOYEPoY9wC12ExtiNJkI37VJlc9itceLmM6osBYstJQQJ99BAACYeBjFXJ3w3AAAYACOG1fhOeastus'
2025-05-24 22:20:10.549105 - DEBUG : <-<- true
2025-05-24 22:20:10.549105 - DEBUG : ->>> b'13/25/3/3/5/5\ninitMetahuman../humanModel/humanModel20.50.5falsefalse'
2025-05-24 22:20:30.066939 - DEBUG : <-<- true
2025-05-24 22:20:30.067935 - DEBUG : ->>> b'17/28/2/2/2/2\nreplaceBackground../NewHuman/background/2.jpg-1-1-150'
2025-05-24 22:20:30.132273 - DEBUG : <-<- true
2025-05-24 22:20:30.705166 - DEBUG : ->>> b'16/5\nmicrophoneToTextzh-cn'
2025-05-24 22:20:36.688048 - DEBUG : <-<- null
2025-05-24 22:21:41.210380 - DEBUG : <-<- Client connection at 127.0.0.1: 54458
2025-05-24 22:21:41.210380 - DEBUG : ->>> b'17/84/6\ninitSpeechServiceCmwzTb35WSvnOYEPoY9wC12ExtiNJkI37VJlc9itceLmM6osBYstJQQJ99BAACYeBjFXJ3w3AAAYACOG1fhOeastus'
2025-05-24 22:21:41.218458 - DEBUG : <-<- true
2025-05-24 22:21:41.219456 - DEBUG : ->>> b'13/25/3/3/5/5\ninitMetahuman../humanModel/humanModel20.50.5falsefalse'
2025-05-24 22:21:56.325577 - DEBUG : <-<- true
2025-05-24 22:21:56.326581 - DEBUG : ->>> b'17/28/2/2/2/2\nreplaceBackground../NewHuman/background/2.jpg-1-1-150'
2025-05-24 22:21:56.390521 - DEBUG : <-<- true
2025-05-24 22:21:56.916373 - DEBUG : ->>> b'16/5\nmicrophoneToTextzh-cn'
2025-05-24 22:22:01.424932 - DEBUG : <-<- 你好。
2025-05-24 22:22:02.324134 - DEBUG : ->>> b'14/1/6/2/3/3/1/5/5\nshowSpeechText0\xe6\xa5\xb7\xe4\xbd\x93201282550falsefalse'
2025-05-24 22:22:02.325131 - DEBUG : <-<- true
2025-05-24 22:22:02.326087 - DEBUG : ->>> b'15/37/42/5/20/1/4/1/7\nmetahumanSpeech../humanModel/humanModel2/voice/2.mp3\xe4\xbd\xa0\xe5\xa5\xbd\xef\xbc\x81\xe6\x9c\x89\xe4\xbb\x80\xe4\xb9\x88\xe5\x8f\xaf\xe4\xbb\xa5\xe5\xb8\xae\xe5\x8a\xa9\xe4\xbd\xa0\xe7\x9a\x84\xe5\x90\x97\xef\xbc\x9fzh-cnzh-cn-XiaochenNeural0true0General'
2025-05-24 22:22:07.852284 - DEBUG : <-<- 3412
2025-05-24 22:22:07.853340 - DEBUG : ->>> b'16/5\nmicrophoneToTextzh-cn'
2025-05-24 22:22:12.890428 - DEBUG : <-<- 我的女朋友张天琪是一只小猪她可爱吗？
2025-05-24 22:22:15.992463 - DEBUG : ->>> b'14/1/6/2/3/3/1/5/5\nshowSpeechText0\xe6\xa5\xb7\xe4\xbd\x93201282550falsefalse'
2025-05-24 22:22:15.994458 - DEBUG : <-<- true
2025-05-24 22:22:15.994458 - DEBUG : ->>> b'15/37/638/5/20/1/4/1/7\nmetahumanSpeech../humanModel/humanModel2/voice/2.mp3\xe5\xa6\x82\xe6\x9e\x9c\xe6\x82\xa8\xe7\x9a\x84\xe5\xa5\xb3\xe6\x9c\x8b\xe5\x8f\x8b\xe5\xbc\xa0\xe5\xa4\xa9\xe7\x90\xaa\xe6\x98\xaf\xe4\xbb\xa5\xe4\xb8\x80\xe5\x8f\xaa\xe5\xb0\x8f\xe7\x8c\xaa\xe7\x9a\x84\xe5\xbd\xa2\xe8\xb1\xa1\xe5\xad\x98\xe5\x9c\xa8\xef\xbc\x8c\xe9\x82\xa3\xe4\xb9\x88\xe5\xa5\xb9\xe6\x98\xaf\xe5\x90\xa6\xe5\x8f\xaf\xe7\x88\xb1\xe5\xbe\x88\xe5\xa4\xa7\xe7\xa8\x8b\xe5\xba\xa6\xe4\xb8\x8a\xe5\x8f\x96\xe5\x86\xb3\xe4\xba\x8e\xe4\xb8\xaa\xe4\xba\xba\xe7\x9a\x84\xe5\xae\xa1\xe7\xbe\x8e\xe8\xa7\x82\xe3\x80\x82\xe5\x9c\xa8\xe5\xbe\x88\xe5\xa4\x9a\xe6\x96\x87\xe5\x8c\x96\xe4\xb8\xad\xef\xbc\x8c\xe5\xb0\x8f\xe7\x8c\xaa\xe9\x80\x9a\xe5\xb8\xb8\xe8\xa2\xab\xe8\xae\xa4\xe4\xb8\xba\xe6\x98\xaf\xe5\x8f\xaf\xe7\x88\xb1\xe7\x9a\x84\xe5\x8a\xa8\xe7\x89\xa9\xef\xbc\x8c\xe5\xb0\xa4\xe5\x85\xb6\xe6\x98\xaf\xe5\xbd\x93\xe5\xae\x83\xe4\xbb\xac\xe8\xa2\xab\xe6\x8f\x8f\xe7\xbb\x98\xe6\x88\x90\xe5\x8d\xa1\xe9\x80\x9a\xe5\xbd\xa2\xe8\xb1\xa1\xe6\x97\xb6\xe3\x80\x82\xe5\xa6\x82\xe6\x9e\x9c\xe5\xa5\xb9\xe6\x98\xaf\xe6\x82\xa8\xe7\x94\x9f\xe6\xb4\xbb\xe4\xb8\xad\xe7\x9a\x84\xe4\xb8\x80\xe9\x83\xa8\xe5\x88\x86\xef\xbc\x8c\xe5\xb9\xb6\xe4\xb8\x94\xe8\xae\xa9\xe6\x82\xa8\xe6\x84\x9f\xe5\x88\xb0\xe5\xbf\xab\xe4\xb9\x90\xe5\x92\x8c\xe5\xb9\xb8\xe7\xa6\x8f\xef\xbc\x8c\xe9\x82\xa3\xe4\xb9\x88\xe5\xa5\xb9\xe6\x97\xa0\xe7\x96\x91\xe6\x98\xaf\xe9\x9d\x9e\xe5\xb8\xb8\xe7\x89\xb9\xe5\x88\xab\xe5\x92\x8c\xe5\x8f\xaf\xe7\x88\xb1\xe7\x9a\x84\xe3\x80\x82\n\n\xe4\xb8\x8d\xe8\xbf\x87\xef\xbc\x8c\xe5\xa6\x82\xe6\x9e\x9c\xe6\x82\xa8\xe6\x98\xaf\xe7\x94\xa8\xe6\xaf\x94\xe5\x96\xbb\xe7\x9a\x84\xe6\x96\xb9\xe5\xbc\x8f\xe8\xa1\xa8\xe8\xbe\xbe\xe5\xa5\xb9\xe7\x9a\x84\xe6\x9f\x90\xe4\xba\x9b\xe7\x89\xb9\xe7\x82\xb9\xef\xbc\x8c\xe9\x82\xa3\xe4\xb9\x88\xe2\x80\x9c\xe5\x8f\xaf\xe7\x88\xb1\xe2\x80\x9d\xe8\xbf\x99\xe4\xb8\x80\xe5\xbd\xa2\xe5\xae\xb9\xe8\xaf\x8d\xe9\x80\x9a\xe5\xb8\xb8\xe7\x94\xa8\xe6\x9d\xa5\xe8\xa1\xa8\xe7\xa4\xba\xe6\x9f\x90\xe4\xba\xba\xe6\x88\x96\xe6\x9f\x90\xe7\x89\xa9\xe8\xae\xa9\xe4\xba\xba\xe8\xa7\x89\xe5\xbe\x97\xe9\x9d\x9e\xe5\xb8\xb8\xe4\xba\xb2\xe5\x88\x87\xe3\x80\x81\xe8\xae\xa8\xe4\xba\xba\xe5\x96\x9c\xe6\xac\xa2\xe3\x80\x82\xe6\x97\xa0\xe8\xae\xba\xe4\xbb\xa5\xe4\xbd\x95\xe7\xa7\x8d\xe5\xbd\xa2\xe5\xbc\x8f\xe5\xad\x98\xe5\x9c\xa8\xef\xbc\x8c\xe5\x8f\xaa\xe8\xa6\x81\xe5\xa5\xb9\xe7\xbb\x99\xe6\x82\xa8\xe5\xb8\xa6\xe6\x9d\xa5\xe6\xad\xa3\xe9\x9d\xa2\xe7\x9a\x84\xe6\x83\x85\xe6\x84\x9f\xe4\xbd\x93\xe9\xaa\x8c\xef\xbc\x8c\xe9\x82\xa3\xe5\xb0\xb1\xe6\x98\xaf\xe6\x9c\x80\xe9\x87\x8d\xe8\xa6\x81\xe7\x9a\x84\xe3\x80\x82zh-cnzh-cn-XiaochenNeural0true0General'
2025-05-24 22:23:12.086118 - DEBUG : <-<- 39412
2025-05-24 22:23:12.086118 - DEBUG : ->>> b'16/5\nmicrophoneToTextzh-cn'
2025-05-24 22:23:18.135904 - DEBUG : <-<- null
2025-05-24 22:23:51.671630 - DEBUG : <-<- Client connection at 127.0.0.1: 54597
2025-05-24 22:23:51.672627 - DEBUG : ->>> b'17/84/6\ninitSpeechServiceCmwzTb35WSvnOYEPoY9wC12ExtiNJkI37VJlc9itceLmM6osBYstJQQJ99BAACYeBjFXJ3w3AAAYACOG1fhOeastus'
2025-05-24 22:23:51.683662 - DEBUG : <-<- true
2025-05-24 22:23:51.683662 - DEBUG : ->>> b'13/25/3/3/5/5\ninitMetahuman../humanModel/humanModel20.50.5falsefalse'
2025-05-24 22:24:12.754590 - DEBUG : <-<- true
2025-05-24 22:24:12.755545 - DEBUG : ->>> b'17/28/2/2/2/2\nreplaceBackground../NewHuman/background/2.jpg-1-1-150'
2025-05-24 22:24:12.821231 - DEBUG : <-<- true
2025-05-24 22:24:13.504989 - DEBUG : ->>> b'16/5\nmicrophoneToTextzh-cn'
2025-05-24 22:24:19.735847 - DEBUG : <-<- null
2025-05-24 22:25:57.799029 - DEBUG : <-<- Client connection at 127.0.0.1: 54632
2025-05-24 22:25:57.799029 - DEBUG : ->>> b'17/84/6\ninitSpeechServiceCmwzTb35WSvnOYEPoY9wC12ExtiNJkI37VJlc9itceLmM6osBYstJQQJ99BAACYeBjFXJ3w3AAAYACOG1fhOeastus'
2025-05-24 22:25:57.808005 - DEBUG : <-<- true
2025-05-24 22:25:57.809003 - DEBUG : ->>> b'13/25/3/3/5/5\ninitMetahuman../humanModel/humanModel20.50.5falsefalse'
2025-05-24 22:26:12.932476 - DEBUG : <-<- true
2025-05-24 22:26:12.933394 - DEBUG : ->>> b'17/28/2/2/2/2\nreplaceBackground../NewHuman/background/2.jpg-1-1-150'
2025-05-24 22:26:13.000223 - DEBUG : <-<- true
2025-05-24 22:26:13.518800 - DEBUG : ->>> b'16/5\nmicrophoneToTextzh-cn'
2025-05-24 22:26:19.501673 - DEBUG : <-<- null
2025-05-24 22:26:41.052407 - DEBUG : <-<- Client connection at 127.0.0.1: 54644
2025-05-24 22:26:41.052407 - DEBUG : ->>> b'17/84/6\ninitSpeechServiceCmwzTb35WSvnOYEPoY9wC12ExtiNJkI37VJlc9itceLmM6osBYstJQQJ99BAACYeBjFXJ3w3AAAYACOG1fhOeastus'
2025-05-24 22:26:41.061418 - DEBUG : <-<- true
2025-05-24 22:26:41.061418 - DEBUG : ->>> b'13/25/3/3/5/5\ninitMetahuman../humanModel/humanModel20.50.5falsefalse'
2025-05-24 22:26:59.104244 - DEBUG : <-<- true
2025-05-24 22:26:59.105243 - DEBUG : ->>> b'17/28/2/2/2/2\nreplaceBackground../NewHuman/background/2.jpg-1-1-150'
2025-05-24 22:26:59.170582 - DEBUG : <-<- true
2025-05-24 22:26:59.171584 - DEBUG : ->>> b'16/5\nmicrophoneToTextzh-cn'
2025-05-24 22:27:04.742382 - DEBUG : <-<- 我的女朋友张天琪可爱吗？
2025-05-24 22:27:07.268363 - DEBUG : ->>> b'14/1/6/2/3/3/1/5/5\nshowSpeechText0\xe6\xa5\xb7\xe4\xbd\x93201282550falsefalse'
2025-05-24 22:27:07.269412 - DEBUG : <-<- true
2025-05-24 22:27:07.270391 - DEBUG : ->>> b'15/37/411/5/20/1/4/1/7\nmetahumanSpeech../humanModel/humanModel2/voice/2.mp3\xe6\x88\x91\xe6\x97\xa0\xe6\xb3\x95\xe7\x9b\xb4\xe6\x8e\xa5\xe8\xaf\x84\xe4\xbb\xb7\xe5\x85\xb7\xe4\xbd\x93\xe7\x9a\x84\xe4\xb8\xaa\xe4\xba\xba\xef\xbc\x8c\xe5\x9b\xa0\xe4\xb8\xba\xe6\x88\x91\xe6\xb2\xa1\xe6\x9c\x89\xe8\xae\xbf\xe9\x97\xae\xe7\x89\xb9\xe5\xae\x9a\xe4\xb8\xaa\xe4\xba\xba\xe6\x95\xb0\xe6\x8d\xae\xe7\x9a\x84\xe8\x83\xbd\xe5\x8a\x9b\xe3\x80\x82\xe4\xb8\x8d\xe8\xbf\x87\xef\xbc\x8c\xe4\xba\xba\xe4\xbb\xac\xe8\xae\xa4\xe4\xb8\xba\xe6\x9f\x90\xe4\xba\xba\xe6\x98\xaf\xe5\x90\xa6\xe5\x8f\xaf\xe7\x88\xb1\xe9\x80\x9a\xe5\xb8\xb8\xe6\x98\xaf\xe5\x9f\xba\xe4\xba\x8e\xe5\xa4\x96\xe8\xb2\x8c\xe3\x80\x81\xe6\x80\xa7\xe6\xa0\xbc\xe3\x80\x81\xe8\xa1\x8c\xe4\xb8\xba\xe7\xad\x89\xe5\xa4\x9a\xe6\x96\xb9\xe9\x9d\xa2\xe7\x9a\x84\xe5\x9b\xa0\xe7\xb4\xa0\xe3\x80\x82\xe5\xa6\x82\xe6\x9e\x9c\xe4\xbd\xa0\xe8\xa7\x89\xe5\xbe\x97\xe4\xbd\xa0\xe7\x9a\x84\xe5\xa5\xb3\xe6\x9c\x8b\xe5\x8f\x8b\xe5\xbc\xa0\xe5\xa4\xa9\xe7\x90\xaa\xe5\x8f\xaf\xe7\x88\xb1\xef\xbc\x8c\xe9\x82\xa3\xe4\xb9\x88\xe5\xaf\xb9\xe5\xa5\xb9\xe6\x9d\xa5\xe8\xaf\xb4\xef\xbc\x8c\xe8\xbf\x99\xe4\xb8\x80\xe5\xae\x9a\xe6\x98\xaf\xe4\xb8\x80\xe4\xb8\xaa\xe9\x9d\x9e\xe5\xb8\xb8\xe9\x87\x8d\xe8\xa6\x81\xe7\x9a\x84\xe8\xb5\x9e\xe7\xbe\x8e\xe3\x80\x82\xe6\xaf\x8f\xe4\xb8\xaa\xe4\xba\xba\xe9\x83\xbd\xe6\x9c\x89\xe8\x87\xaa\xe5\xb7\xb1\xe7\x8b\xac\xe7\x89\xb9\xe7\x9a\x84\xe9\xad\x85\xe5\x8a\x9b\xe5\x92\x8c\xe5\x8f\xaf\xe7\x88\xb1\xe4\xb9\x8b\xe5\xa4\x84\xef\xbc\x8c\xe9\x87\x8d\xe8\xa6\x81\xe7\x9a\x84\xe6\x98\xaf\xe4\xbd\xa0\xe4\xbb\xac\xe5\xbd\xbc\xe6\xad\xa4\xe6\xac\xa3\xe8\xb5\x8f\xe5\xaf\xb9\xe6\x96\xb9\xe7\x9a\x84\xe8\xbf\x99\xe4\xba\x9b\xe7\x89\xb9\xe8\xb4\xa8\xe3\x80\x82zh-cnzh-cn-XiaochenNeural0true0General'
2025-05-24 22:27:36.789327 - DEBUG : <-<- 25787
2025-05-24 22:27:36.790325 - DEBUG : ->>> b'16/5\nmicrophoneToTextzh-cn'
2025-05-24 22:27:43.213267 - DEBUG : <-<- 嗯，如果今天下雨那明天下雨的可能性有多大？
2025-05-24 22:27:45.614764 - DEBUG : ->>> b'14/1/6/2/3/3/1/5/5\nshowSpeechText0\xe6\xa5\xb7\xe4\xbd\x93201282550falsefalse'
2025-05-24 22:27:45.615768 - DEBUG : <-<- true
2025-05-24 22:27:45.615768 - DEBUG : ->>> b'15/37/578/5/20/1/4/1/7\nmetahumanSpeech../humanModel/humanModel2/voice/2.mp3\xe5\xa4\xa9\xe6\xb0\x94\xe9\xa2\x84\xe6\x8a\xa5\xe4\xb8\xad\xe7\x9a\x84\xe9\x99\x8d\xe9\x9b\xa8\xe6\xa6\x82\xe7\x8e\x87\xe5\xb9\xb6\xe4\xb8\x8d\xe6\x98\xaf\xe7\xae\x80\xe5\x8d\x95\xe5\x9c\xb0\xe7\x94\xb1\xe5\x89\x8d\xe4\xb8\x80\xe5\xa4\xa9\xe6\x98\xaf\xe5\x90\xa6\xe4\xb8\x8b\xe9\x9b\xa8\xe6\x9d\xa5\xe5\x86\xb3\xe5\xae\x9a\xe7\x9a\x84\xe3\x80\x82\xe5\xae\x83\xe5\x8f\x97\xe5\x88\xb0\xe8\xae\xb8\xe5\xa4\x9a\xe5\x9b\xa0\xe7\xb4\xa0\xe7\x9a\x84\xe5\xbd\xb1\xe5\x93\x8d\xef\xbc\x8c\xe5\x8c\x85\xe6\x8b\xac\xe4\xbd\x86\xe4\xb8\x8d\xe9\x99\x90\xe4\xba\x8e\xe5\xa4\xa7\xe6\xb0\x94\xe5\x8e\x8b\xe5\x8a\x9b\xe3\x80\x81\xe6\xb9\xbf\xe5\xba\xa6\xe3\x80\x81\xe6\xb8\xa9\xe5\xba\xa6\xe3\x80\x81\xe9\xa3\x8e\xe5\x90\x91\xe5\x92\x8c\xe9\xa3\x8e\xe9\x80\x9f\xe7\xad\x89\xe3\x80\x82\xe4\xb8\x8d\xe8\xbf\x87\xef\xbc\x8c\xe4\xbb\x8e\xe7\xbb\x9f\xe8\xae\xa1\xe5\xad\xa6\xe8\xa7\x92\xe5\xba\xa6\xe6\x9d\xa5\xe7\x9c\x8b\xef\xbc\x8c\xe5\x9c\xa8\xe6\x9f\x90\xe4\xba\x9b\xe5\x9c\xb0\xe5\x8c\xba\xef\xbc\x8c\xe5\xa6\x82\xe6\x9e\x9c\xe8\xbf\x9e\xe7\xbb\xad\xe5\x87\xa0\xe5\xa4\xa9\xe7\x9a\x84\xe5\xa4\xa9\xe6\xb0\x94\xe6\xa8\xa1\xe5\xbc\x8f\xe7\x9b\xb8\xe4\xbc\xbc\xef\xbc\x8c\xe9\x82\xa3\xe4\xb9\x88\xe4\xbb\x8a\xe5\xa4\xa9\xe4\xb8\x8b\xe9\x9b\xa8\xe7\xa1\xae\xe5\xae\x9e\xe5\x8f\xaf\xe8\x83\xbd\xe6\x84\x8f\xe5\x91\xb3\xe7\x9d\x80\xe6\x98\x8e\xe5\xa4\xa9\xe4\xb8\x8b\xe9\x9b\xa8\xe7\x9a\x84\xe6\xa6\x82\xe7\x8e\x87\xe8\xbe\x83\xe9\xab\x98\xe3\x80\x82\n\n\xe5\x85\xb7\xe4\xbd\x93\xe5\x88\xb0\xe6\x9f\x90\xe4\xb8\xaa\xe5\x9c\xb0\xe6\x96\xb9\xef\xbc\x8c\xe8\xa6\x81\xe5\x87\x86\xe7\xa1\xae\xe9\xa2\x84\xe6\xb5\x8b\xe6\x98\x8e\xe5\xa4\xa9\xe4\xb8\x8b\xe9\x9b\xa8\xe7\x9a\x84\xe5\x8f\xaf\xe8\x83\xbd\xe6\x80\xa7\xef\xbc\x8c\xe6\x9c\x80\xe5\x8f\xaf\xe9\x9d\xa0\xe7\x9a\x84\xe6\x96\xb9\xe5\xbc\x8f\xe8\xbf\x98\xe6\x98\xaf\xe6\x9f\xa5\xe7\x9c\x8b\xe5\xbd\x93\xe5\x9c\xb0\xe7\x9a\x84\xe6\xb0\x94\xe8\xb1\xa1\xe9\xa2\x84\xe6\x8a\xa5\xe3\x80\x82\xe8\xbf\x99\xe4\xba\x9b\xe9\xa2\x84\xe6\x8a\xa5\xe5\x9f\xba\xe4\xba\x8e\xe5\xa4\x8d\xe6\x9d\x82\xe7\x9a\x84\xe6\xb0\x94\xe8\xb1\xa1\xe6\xa8\xa1\xe5\x9e\x8b\xe5\x92\x8c\xe5\xae\x9e\xe6\x97\xb6\xe6\x95\xb0\xe6\x8d\xae\xef\xbc\x8c\xe8\x83\xbd\xe5\xa4\x9f\xe6\x8f\x90\xe4\xbe\x9b\xe8\xbe\x83\xe4\xb8\xba\xe7\xb2\xbe\xe7\xa1\xae\xe7\x9a\x84\xe9\xa2\x84\xe6\xb5\x8b\xe4\xbf\xa1\xe6\x81\xaf\xe3\x80\x82zh-cnzh-cn-XiaochenNeural0true0General'
2025-05-24 22:28:43.479659 - DEBUG : <-<- Client connection at 127.0.0.1: 54680
2025-05-24 22:28:43.480659 - DEBUG : ->>> b'17/84/6\ninitSpeechServiceCmwzTb35WSvnOYEPoY9wC12ExtiNJkI37VJlc9itceLmM6osBYstJQQJ99BAACYeBjFXJ3w3AAAYACOG1fhOeastus'
2025-05-24 22:28:43.488949 - DEBUG : <-<- true
2025-05-24 22:28:43.488949 - DEBUG : ->>> b'13/25/3/3/5/5\ninitMetahuman../humanModel/humanModel20.50.5falsefalse'
2025-05-24 22:29:12.641674 - DEBUG : <-<- true
2025-05-24 22:29:12.642628 - DEBUG : ->>> b'17/28/2/2/2/2\nreplaceBackground../NewHuman/background/2.jpg-1-1-150'
2025-05-24 22:29:12.707967 - DEBUG : <-<- true
2025-05-24 22:29:12.708960 - DEBUG : ->>> b'16/5\nmicrophoneToTextzh-cn'
2025-05-24 22:29:18.692288 - DEBUG : <-<- null
2025-05-24 22:29:28.218325 - DEBUG : <-<- Client connection at 127.0.0.1: 54709
2025-05-24 22:29:28.218325 - DEBUG : ->>> b'17/84/6\ninitSpeechServiceCmwzTb35WSvnOYEPoY9wC12ExtiNJkI37VJlc9itceLmM6osBYstJQQJ99BAACYeBjFXJ3w3AAAYACOG1fhOeastus'
2025-05-24 22:29:28.227301 - DEBUG : <-<- true
2025-05-24 22:29:28.227301 - DEBUG : ->>> b'13/25/3/3/5/5\ninitMetahuman../humanModel/humanModel20.50.5falsefalse'
2025-05-24 22:29:46.146090 - DEBUG : <-<- true
2025-05-24 22:29:46.146090 - DEBUG : ->>> b'17/28/2/2/2/2\nreplaceBackground../NewHuman/background/2.jpg-1-1-150'
2025-05-24 22:29:46.210948 - DEBUG : <-<- true
2025-05-24 22:29:46.211930 - DEBUG : ->>> b'16/5\nmicrophoneToTextzh-cn'
2025-05-24 22:29:53.327386 - DEBUG : <-<- null
2025-05-24 22:43:56.001614 - DEBUG : <-<- Client connection at 127.0.0.1: 59129
2025-05-24 22:43:56.002611 - DEBUG : ->>> b'17/84/6\ninitSpeechServiceCmwzTb35WSvnOYEPoY9wC12ExtiNJkI37VJlc9itceLmM6osBYstJQQJ99BAACYeBjFXJ3w3AAAYACOG1fhOeastus'
2025-05-24 22:43:56.010591 - DEBUG : <-<- true
2025-05-24 22:43:56.011642 - DEBUG : ->>> b'13/25/3/3/5/5\ninitMetahuman../humanModel/humanModel20.50.5falsefalse'
2025-05-24 22:44:17.150098 - DEBUG : <-<- true
2025-05-24 22:44:17.150797 - DEBUG : ->>> b'17/28/2/2/2/2\nreplaceBackground../NewHuman/background/2.jpg-1-1-150'
2025-05-24 22:44:17.219612 - DEBUG : <-<- true
2025-05-24 22:45:31.891602 - DEBUG : <-<- Client connection at 127.0.0.1: 59226
2025-05-24 22:45:31.891602 - DEBUG : ->>> b'17/84/6\ninitSpeechServiceCmwzTb35WSvnOYEPoY9wC12ExtiNJkI37VJlc9itceLmM6osBYstJQQJ99BAACYeBjFXJ3w3AAAYACOG1fhOeastus'
2025-05-24 22:45:31.900581 - DEBUG : <-<- true
2025-05-24 22:45:31.900581 - DEBUG : ->>> b'13/25/3/3/5/5\ninitMetahuman../humanModel/humanModel20.50.5falsefalse'
2025-05-24 22:45:48.678328 - DEBUG : <-<- true
2025-05-24 22:45:48.678982 - DEBUG : ->>> b'17/28/2/2/2/2\nreplaceBackground../NewHuman/background/2.jpg-1-1-150'
2025-05-24 22:45:48.744805 - DEBUG : <-<- true
2025-05-24 22:47:06.680799 - DEBUG : <-<- Client connection at 127.0.0.1: 59315
2025-05-24 22:47:06.681845 - DEBUG : ->>> b'17/84/6\ninitSpeechServiceCmwzTb35WSvnOYEPoY9wC12ExtiNJkI37VJlc9itceLmM6osBYstJQQJ99BAACYeBjFXJ3w3AAAYACOG1fhOeastus'
2025-05-24 22:47:06.691811 - DEBUG : <-<- true
2025-05-24 22:47:06.692766 - DEBUG : ->>> b'13/25/3/3/5/5\ninitMetahuman../humanModel/humanModel20.50.5falsefalse'
2025-05-24 22:47:35.860406 - DEBUG : <-<- true
2025-05-24 22:47:35.860406 - DEBUG : ->>> b'17/28/2/2/2/2\nreplaceBackground../NewHuman/background/2.jpg-1-1-150'
2025-05-24 22:47:35.929304 - DEBUG : <-<- true
2025-05-24 22:48:22.281712 - DEBUG : <-<- Client connection at 127.0.0.1: 59350
2025-05-24 22:48:22.282710 - DEBUG : ->>> b'17/84/6\ninitSpeechServiceCmwzTb35WSvnOYEPoY9wC12ExtiNJkI37VJlc9itceLmM6osBYstJQQJ99BAACYeBjFXJ3w3AAAYACOG1fhOeastus'
2025-05-24 22:48:22.291687 - DEBUG : <-<- true
2025-05-24 22:48:22.292694 - DEBUG : ->>> b'13/25/3/3/5/5\ninitMetahuman../humanModel/humanModel20.50.5falsefalse'
2025-05-24 22:48:38.712391 - DEBUG : <-<- true
2025-05-24 22:48:38.712391 - DEBUG : ->>> b'17/28/2/2/2/2\nreplaceBackground../NewHuman/background/2.jpg-1-1-150'
2025-05-24 22:48:38.777216 - DEBUG : <-<- true
2025-05-24 22:48:38.777216 - DEBUG : ->>> b'16/5\nmicrophoneToTextzh-cn'
2025-05-24 22:48:44.162555 - DEBUG : <-<- 你好。
2025-05-24 22:48:45.458550 - DEBUG : ->>> b'14/1/6/2/3/3/1/5/5\nshowSpeechText0\xe6\xa5\xb7\xe4\xbd\x93201282550falsefalse'
2025-05-24 22:48:45.458550 - DEBUG : <-<- true
2025-05-24 22:48:45.459504 - DEBUG : ->>> b'15/37/42/5/20/1/4/1/7\nmetahumanSpeech../humanModel/humanModel2/voice/2.mp3\xe4\xbd\xa0\xe5\xa5\xbd\xef\xbc\x81\xe6\x9c\x89\xe4\xbb\x80\xe4\xb9\x88\xe5\x8f\xaf\xe4\xbb\xa5\xe5\xb8\xae\xe5\x8a\xa9\xe4\xbd\xa0\xe7\x9a\x84\xe5\x90\x97\xef\xbc\x9fzh-cnzh-cn-XiaochenNeural0true0General'
2025-05-24 22:48:50.666414 - DEBUG : <-<- 3412
2025-05-24 22:53:49.675880 - DEBUG : <-<- Client connection at 127.0.0.1: 59561
2025-05-24 22:53:49.677014 - DEBUG : ->>> b'17/84/6\ninitSpeechServiceCmwzTb35WSvnOYEPoY9wC12ExtiNJkI37VJlc9itceLmM6osBYstJQQJ99BAACYeBjFXJ3w3AAAYACOG1fhOeastus'
2025-05-24 22:53:49.686096 - DEBUG : <-<- true
2025-05-24 22:53:49.686096 - DEBUG : ->>> b'13/25/3/3/5/5\ninitMetahuman../humanModel/humanModel20.50.5falsefalse'
2025-05-24 22:54:18.718234 - DEBUG : <-<- true
2025-05-24 22:54:18.719079 - DEBUG : ->>> b'17/28/2/2/2/2\nreplaceBackground../NewHuman/background/2.jpg-1-1-150'
2025-05-24 22:54:18.787189 - DEBUG : <-<- true
2025-05-24 22:54:20.200768 - DEBUG : ->>> b'16/5\nmicrophoneToTextzh-cn'
2025-05-24 22:54:25.479877 - DEBUG : <-<- 好你好。
